Archive member included because of file (symbol)

C:\Users\evert\Documents\LPCXpresso_6.1.4_194\workspace\Lib_CMSISv1p30_LPC17xx\Debug\libCMSISv1p30_LPC17xx.a(system_LPC17xx.o)
                              ./src/easyweb.o (SystemCoreClock)
C:\Users\evert\Documents\LPCXpresso_6.1.4_194\workspace\Lib_EaBaseBoard\Debug\libLib_EaBaseBoard.a(oled.o)
                              ./src/easyweb.o (oled_init)
C:\Users\evert\Documents\LPCXpresso_6.1.4_194\workspace\Lib_EaBaseBoard\Debug\libLib_EaBaseBoard.a(font5x7.o)
                              C:\Users\evert\Documents\LPCXpresso_6.1.4_194\workspace\Lib_EaBaseBoard\Debug\libLib_EaBaseBoard.a(oled.o) (font5x7)
C:\Users\evert\Documents\LPCXpresso_6.1.4_194\workspace\Lib_MCU\Debug\libLib_MCU.a(lpc17xx_gpio.o)
                              C:\Users\evert\Documents\LPCXpresso_6.1.4_194\workspace\Lib_EaBaseBoard\Debug\libLib_EaBaseBoard.a(oled.o) (GPIO_SetDir)
C:\Users\evert\Documents\LPCXpresso_6.1.4_194\workspace\Lib_MCU\Debug\libLib_MCU.a(lpc17xx_pinsel.o)
                              ./src/easyweb.o (PINSEL_ConfigPin)
C:\Users\evert\Documents\LPCXpresso_6.1.4_194\workspace\Lib_MCU\Debug\libLib_MCU.a(lpc17xx_ssp.o)
                              ./src/easyweb.o (SSP_Init)
C:\Users\evert\Documents\LPCXpresso_6.1.4_194\workspace\Lib_MCU\Debug\libLib_MCU.a(lpc17xx_clkpwr.o)
                              C:\Users\evert\Documents\LPCXpresso_6.1.4_194\workspace\Lib_MCU\Debug\libLib_MCU.a(lpc17xx_ssp.o) (CLKPWR_GetPCLK)
C:\Users\evert\Documents\LPCXpresso_6.1.4_194\workspace\Lib_MCU\Debug\libLib_MCU.a(lpc17xx_libcfg_default.o)
                              C:\Users\evert\Documents\LPCXpresso_6.1.4_194\workspace\Lib_MCU\Debug\libLib_MCU.a(lpc17xx_ssp.o) (check_failed)
c:/nxp/lpcxpresso_6.1.4_194/lpcxpresso/tools/bin/../lib/gcc/arm-none-eabi/4.6.2/armv7-m\libgcc.a(_aeabi_uldivmod.o)
                              C:\Users\evert\Documents\LPCXpresso_6.1.4_194\workspace\Lib_CMSISv1p30_LPC17xx\Debug\libCMSISv1p30_LPC17xx.a(system_LPC17xx.o) (__aeabi_uldivmod)
c:/nxp/lpcxpresso_6.1.4_194/lpcxpresso/tools/bin/../lib/gcc/arm-none-eabi/4.6.2/armv7-m\libgcc.a(bpabi.o)
                              c:/nxp/lpcxpresso_6.1.4_194/lpcxpresso/tools/bin/../lib/gcc/arm-none-eabi/4.6.2/armv7-m\libgcc.a(_aeabi_uldivmod.o) (__gnu_uldivmod_helper)
c:/nxp/lpcxpresso_6.1.4_194/lpcxpresso/tools/bin/../lib/gcc/arm-none-eabi/4.6.2/armv7-m\libgcc.a(_dvmd_tls.o)
                              c:/nxp/lpcxpresso_6.1.4_194/lpcxpresso/tools/bin/../lib/gcc/arm-none-eabi/4.6.2/armv7-m\libgcc.a(_aeabi_uldivmod.o) (__aeabi_ldiv0)
c:/nxp/lpcxpresso_6.1.4_194/lpcxpresso/tools/bin/../lib/gcc/arm-none-eabi/4.6.2/armv7-m\libgcc.a(_divdi3.o)
                              c:/nxp/lpcxpresso_6.1.4_194/lpcxpresso/tools/bin/../lib/gcc/arm-none-eabi/4.6.2/armv7-m\libgcc.a(bpabi.o) (__divdi3)
c:/nxp/lpcxpresso_6.1.4_194/lpcxpresso/tools/bin/../lib/gcc/arm-none-eabi/4.6.2/armv7-m\libgcc.a(_udivdi3.o)
                              c:/nxp/lpcxpresso_6.1.4_194/lpcxpresso/tools/bin/../lib/gcc/arm-none-eabi/4.6.2/armv7-m\libgcc.a(bpabi.o) (__udivdi3)
c:/nxp/lpcxpresso_6.1.4_194/lpcxpresso/tools/bin/../lib/gcc/arm-none-eabi/4.6.2/../../../../arm-none-eabi/lib/armv7-m\libc.a(lib_a-memcmp.o)
                              ./src/tcpip.o (memcmp)
c:/nxp/lpcxpresso_6.1.4_194/lpcxpresso/tools/bin/../lib/gcc/arm-none-eabi/4.6.2/../../../../arm-none-eabi/lib/armv7-m\libc.a(lib_a-memcpy.o)
                              ./src/easyweb.o (memcpy)
c:/nxp/lpcxpresso_6.1.4_194/lpcxpresso/tools/bin/../lib/gcc/arm-none-eabi/4.6.2/../../../../arm-none-eabi/lib/armv7-m\libc.a(lib_a-memset.o)
                              ./src/tcpip.o (memset)
c:/nxp/lpcxpresso_6.1.4_194/lpcxpresso/tools/bin/../lib/gcc/arm-none-eabi/4.6.2/../../../../arm-none-eabi/lib/armv7-m\libc.a(lib_a-sprintf.o)
                              ./src/easyweb.o (sprintf)
c:/nxp/lpcxpresso_6.1.4_194/lpcxpresso/tools/bin/../lib/gcc/arm-none-eabi/4.6.2/../../../../arm-none-eabi/lib/armv7-m\libc.a(lib_a-svfprintf.o)
                              c:/nxp/lpcxpresso_6.1.4_194/lpcxpresso/tools/bin/../lib/gcc/arm-none-eabi/4.6.2/../../../../arm-none-eabi/lib/armv7-m\libc.a(lib_a-sprintf.o) (_svfprintf_r)
c:/nxp/lpcxpresso_6.1.4_194/lpcxpresso/tools/bin/../lib/gcc/arm-none-eabi/4.6.2/../../../../arm-none-eabi/lib/armv7-m\libc.a(lib_a-dtoa.o)
                              c:/nxp/lpcxpresso_6.1.4_194/lpcxpresso/tools/bin/../lib/gcc/arm-none-eabi/4.6.2/../../../../arm-none-eabi/lib/armv7-m\libc.a(lib_a-svfprintf.o) (_dtoa_r)
c:/nxp/lpcxpresso_6.1.4_194/lpcxpresso/tools/bin/../lib/gcc/arm-none-eabi/4.6.2/../../../../arm-none-eabi/lib/armv7-m\libc.a(lib_a-impure.o)
                              c:/nxp/lpcxpresso_6.1.4_194/lpcxpresso/tools/bin/../lib/gcc/arm-none-eabi/4.6.2/../../../../arm-none-eabi/lib/armv7-m\libc.a(lib_a-sprintf.o) (_impure_ptr)
[...]
Memory Configuration

Name             Origin             Length             Attributes
MFlash512        0x00000000         0x00080000         xr
RamLoc32         0x10000000         0x00008000         xrw
RamAHB32         0x2007c000         0x00008000         xrw
*default*        0x00000000         0xffffffff

Linker script and memory map

LOAD ./src/cr_startup_lpc17.o
LOAD ./src/easyweb.o
LOAD ./src/ethmac.o
LOAD ./src/ew_systick.o
LOAD ./src/tcpip.o
LOAD C:\Users\evert\Documents\LPCXpresso_6.1.4_194\workspace\Lib_CMSISv1p30_LPC17xx\Debug\libCMSISv1p30_LPC17xx.a
LOAD C:\Users\evert\Documents\LPCXpresso_6.1.4_194\workspace\Lib_EaBaseBoard\Debug\libLib_EaBaseBoard.a
LOAD C:\Users\evert\Documents\LPCXpresso_6.1.4_194\workspace\Lib_MCU\Debug\libLib_MCU.a
START GROUP
LOAD c:/nxp/lpcxpresso_6.1.4_194/lpcxpresso/tools/bin/../lib/gcc/arm-none-eabi/4.6.2/armv7-m\libgcc.a
LOAD c:/nxp/lpcxpresso_6.1.4_194/lpcxpresso/tools/bin/../lib/gcc/arm-none-eabi/4.6.2/../../../../arm-none-eabi/lib/armv7-m\libc.a
LOAD c:/nxp/lpcxpresso_6.1.4_194/lpcxpresso/tools/bin/../lib/gcc/arm-none-eabi/4.6.2/../../../../arm-none-eabi/lib/armv7-m\libm.a
LOAD c:/nxp/lpcxpresso_6.1.4_194/lpcxpresso/tools/bin/../lib/gcc/arm-none-eabi/4.6.2/../../../../arm-none-eabi/lib/armv7-m\libcr_newlib_semihost.a
END GROUP
                0x00080000                __top_MFlash512 = 0x80000
                0x10008000                __top_RamLoc32 = 0x10008000
                0x20084000                __top_RamAHB32 = 0x20084000

.text           0x00000000     0x97ec
 FILL mask 0xff
                0x00000000                __vectors_start__ = ABSOLUTE (.)
 *(.isr_vector)
 .isr_vector    0x00000000       0xcc ./src/cr_startup_lpc17.o
                0x00000000                g_pfnVectors
                0x000000cc                . = ALIGN (0x4)
                0x000000cc                __section_table_start = .
                0x000000cc                __data_section_table = .
                0x000000cc        0x4 LONG 0x97f4 LOADADDR (.data)
                0x000000d0        0x4 LONG 0x10000000 ADDR (.data)
                0x000000d4        0x4 LONG 0x87c SIZEOF (.data)
                0x000000d8        0x4 LONG 0x97f4 LOADADDR (.data_RAM2)
                0x000000dc        0x4 LONG 0x2007c000 ADDR (.data_RAM2)
                0x000000e0        0x4 LONG 0x0 SIZEOF (.data_RAM2)
                0x000000e4                __data_section_table_end = .
                0x000000e4                __bss_section_table = .
                0x000000e4        0x4 LONG 0x1000087c ADDR (.bss)
                0x000000e8        0x4 LONG 0x748 SIZEOF (.bss)
                0x000000ec        0x4 LONG 0x2007c000 ADDR (.bss_RAM2)
                0x000000f0        0x4 LONG 0x0 SIZEOF (.bss_RAM2)
                0x000000f4                __bss_section_table_end = .
                0x000000f4                __section_table_end = .
 *(.after_vectors*)
 *(.text*)
 .text.ResetISR
                0x000000f4       0x68 ./src/cr_startup_lpc17.o
                0x000000f4                ResetISR
 .text.NMI_Handler
                0x0000015c        0x8 ./src/cr_startup_lpc17.o
                0x0000015c                NMI_Handler
 .text.HardFault_Handler
                0x00000164        0x8 ./src/cr_startup_lpc17.o
                0x00000164                HardFault_Handler
 .text.MemManage_Handler
                0x0000016c        0x8 ./src/cr_startup_lpc17.o
                0x0000016c                MemManage_Handler
 .text.BusFault_Handler
                0x00000174        0x8 ./src/cr_startup_lpc17.o
                0x00000174                BusFault_Handler
 .text.UsageFault_Handler
                0x0000017c        0x8 ./src/cr_startup_lpc17.o
                0x0000017c                UsageFault_Handler
 .text.SVCall_Handler
                0x00000184        0x8 ./src/cr_startup_lpc17.o
                0x00000184                SVCall_Handler
 .text.DebugMon_Handler
                0x0000018c        0x8 ./src/cr_startup_lpc17.o
                0x0000018c                DebugMon_Handler
 .text.PendSV_Handler
                0x00000194        0x8 ./src/cr_startup_lpc17.o
                0x00000194                PendSV_Handler
 .text.IntDefaultHandler
                0x0000019c        0x8 ./src/cr_startup_lpc17.o
                0x0000019c                TIMER2_IRQHandler
                0x0000019c                RIT_IRQHandler
                0x0000019c                I2C0_IRQHandler
                0x0000019c                USBActivity_IRQHandler
                0x0000019c                PWM1_IRQHandler
                0x0000019c                I2C1_IRQHandler
                0x0000019c                EINT2_IRQHandler
                0x0000019c                UART1_IRQHandler
                0x0000019c                EINT3_IRQHandler
                0x0000019c                CANActivity_IRQHandler
                0x0000019c                TIMER3_IRQHandler
                0x0000019c                UART0_IRQHandler
                0x0000019c                IntDefaultHandler
                0x0000019c                PLL0_IRQHandler
                0x0000019c                CAN_IRQHandler
                0x0000019c                PLL1_IRQHandler
                0x0000019c                SSP0_IRQHandler
                0x0000019c                I2S_IRQHandler
                0x0000019c                I2C2_IRQHandler
                0x0000019c                RTC_IRQHandler
                0x0000019c                TIMER0_IRQHandler
                0x0000019c                SPI_IRQHandler
                0x0000019c                EINT1_IRQHandler
                0x0000019c                TIMER1_IRQHandler
                0x0000019c                UART2_IRQHandler
                0x0000019c                ADC_IRQHandler
                0x0000019c                SSP1_IRQHandler
                0x0000019c                USB_IRQHandler
                0x0000019c                BOD_IRQHandler
                0x0000019c                WDT_IRQHandler
                0x0000019c                QEI_IRQHandler
                0x0000019c                EINT0_IRQHandler
                0x0000019c                DMA_IRQHandler
                0x0000019c                UART3_IRQHandler
                0x0000019c                MCPWM_IRQHandler
                0x0000019c                ENET_IRQHandler
 .text.init_ssp
                0x000001a4       0x98 ./src/easyweb.o
 .text.main     0x0000023c       0xd4 ./src/easyweb.o
                0x0000023c                main
 .text.HTTPServer
                0x00000310      0x1ec ./src/easyweb.o
                0x00000310                HTTPServer
 .text.GetAD7Val
                0x000004fc       0x68 ./src/easyweb.o
                0x000004fc                GetAD7Val
 .text.InsertDynamicValues
                0x00000564      0x128 ./src/easyweb.o
                0x00000564                InsertDynamicValues
 .text.WriteToPHY
                0x0000068c       0x58 ./src/ethmac.o
                0x0000068c                WriteToPHY
 .text.ReadFromPHY
                0x000006e4       0x70 ./src/ethmac.o
                0x000006e4                ReadFromPHY
 .text.Init_EthMAC
                0x00000754      0x478 ./src/ethmac.o
                0x00000754                Init_EthMAC
 .text.WriteFrame_EthMAC
                0x00000bcc       0x30 ./src/ethmac.o
                0x00000bcc                WriteFrame_EthMAC
 .text.CopyToFrame_EthMAC
                0x00000bfc       0x70 ./src/ethmac.o
                0x00000bfc                CopyToFrame_EthMAC
 .text.ReadFrame_EthMAC
                0x00000c6c       0x28 ./src/ethmac.o
                0x00000c6c                ReadFrame_EthMAC
 .text.ReadFrameBE_EthMAC
                0x00000c94       0x38 ./src/ethmac.o
                0x00000c94                ReadFrameBE_EthMAC
 .text.CopyFromFrame_EthMAC
                0x00000ccc       0x50 ./src/ethmac.o
                0x00000ccc                CopyFromFrame_EthMAC
 .text.DummyReadFrame_EthMAC
                0x00000d1c       0x28 ./src/ethmac.o
                0x00000d1c                DummyReadFrame_EthMAC
 .text.RequestSend
                0x00000d44       0x54 ./src/ethmac.o
                0x00000d44                RequestSend
 .text.Rdy4Tx   0x00000d98       0x10 ./src/ethmac.o
                0x00000d98                Rdy4Tx
 .text.StartReadingFrame
                0x00000da8       0x60 ./src/ethmac.o
                0x00000da8                StartReadingFrame
 .text.StopReadingFrame
                0x00000e08       0x38 ./src/ethmac.o
                0x00000e08                StopReadingFrame
 .text.CheckIfFrameReceived
                0x00000e40       0x2c ./src/ethmac.o
                0x00000e40                CheckIfFrameReceived
 .text.NVIC_SetPriority
                0x00000e6c       0x5c ./src/ew_systick.o
 .text.SysTick_Config
                0x00000ec8       0x64 ./src/ew_systick.o
 .text.SysTick_Handler
                0x00000f2c       0x8c ./src/ew_systick.o
                0x00000f2c                SysTick_Handler
 .text.Start_SysTick10ms
                0x00000fb8       0x30 ./src/ew_systick.o
                0x00000fb8                Start_SysTick10ms
 .text.TCPLowLevelInit
                0x00000fe8       0x54 ./src/tcpip.o
                0x00000fe8                TCPLowLevelInit
 .text.TCPPassiveOpen
                0x0000103c       0x50 ./src/tcpip.o
                0x0000103c                TCPPassiveOpen
 .text.TCPClose
                0x0000108c       0x7c ./src/tcpip.o
                0x0000108c                TCPClose
 .text.TCPReleaseRxBuffer
                0x00001108       0x24 ./src/tcpip.o
                0x00001108                TCPReleaseRxBuffer
 .text.TCPTransmitTxBuffer
                0x0000112c       0xb8 ./src/tcpip.o
                0x0000112c                TCPTransmitTxBuffer
 .text.BroadcastMessage
                0x000011e4       0x68 ./src/tcpip.o
                0x000011e4                BroadcastMessage
 .text.DoNetworkStuff
                0x0000124c      0x3c4 ./src/tcpip.o
                0x0000124c                DoNetworkStuff
 .text.ProcessEthBroadcastFrame
                0x00001610       0x9c ./src/tcpip.o
                0x00001610                ProcessEthBroadcastFrame
 .text.ProcessEthIAFrame
                0x000016ac      0x138 ./src/tcpip.o
                0x000016ac                ProcessEthIAFrame
 .text.ProcessICMPFrame
                0x000017e4       0x2c ./src/tcpip.o
                0x000017e4                ProcessICMPFrame
 .text.ProcessTCPFrame
                0x00001810      0x768 ./src/tcpip.o
                0x00001810                ProcessTCPFrame
 .text.PrepareARP_REQUEST
                0x00001f78      0x15c ./src/tcpip.o
                0x00001f78                PrepareARP_REQUEST
 .text.PrepareARP_ANSWER
                0x000020d4       0xfc ./src/tcpip.o
                0x000020d4                PrepareARP_ANSWER
 .text.PrepareICMP_ECHO_REPLY
                0x000021d0      0x1dc ./src/tcpip.o
                0x000021d0                PrepareICMP_ECHO_REPLY
 .text.PrepareTCP_FRAME
                0x000023ac      0x260 ./src/tcpip.o
                0x000023ac                PrepareTCP_FRAME
 .text.PrepareTCP_DATA_FRAME
                0x0000260c      0x1ac ./src/tcpip.o
                0x0000260c                PrepareTCP_DATA_FRAME
 .text.CalcChecksum
                0x000027b8       0xe4 ./src/tcpip.o
                0x000027b8                CalcChecksum
 .text.TCPStartRetryTimer
                0x0000289c       0x5c ./src/tcpip.o
                0x0000289c                TCPStartRetryTimer
 .text.TCPStartTimeWaitTimer
                0x000028f8       0x4c ./src/tcpip.o
                0x000028f8                TCPStartTimeWaitTimer
 .text.TCPRestartTimer
                0x00002944       0x18 ./src/tcpip.o
                0x00002944                TCPRestartTimer
 .text.TCPStopTimer
                0x0000295c       0x24 ./src/tcpip.o
                0x0000295c                TCPStopTimer
 .text.TCPHandleRetransmission
                0x00002980       0x70 ./src/tcpip.o
                0x00002980                TCPHandleRetransmission
 .text.TCPHandleTimeout
                0x000029f0       0x58 ./src/tcpip.o
                0x000029f0                TCPHandleTimeout
 .text.TCPClockHandler
                0x00002a48       0x40 ./src/tcpip.o
                0x00002a48                TCPClockHandler
 .text.SendFrame1
                0x00002a88       0x20 ./src/tcpip.o
                0x00002a88                SendFrame1
 .text.SendFrame2
                0x00002aa8       0x20 ./src/tcpip.o
                0x00002aa8                SendFrame2
 .text.WriteWBE
                0x00002ac8       0x34 ./src/tcpip.o
                0x00002ac8                WriteWBE
 .text.WriteDWBE
                0x00002afc       0x58 ./src/tcpip.o
                0x00002afc                WriteDWBE
 .text.SwapBytes
                0x00002b54       0x30 ./src/tcpip.o
                0x00002b54                SwapBytes
 .text.SystemInit
                0x00002b84      0x22c C:\Users\evert\Documents\LPCXpresso_6.1.4_194\workspace\Lib_CMSISv1p30_LPC17xx\Debug\libCMSISv1p30_LPC17xx.a(system_LPC17xx.o)
                0x00002b84                SystemInit
 .text.writeCommand
                0x00002db0       0x60 C:\Users\evert\Documents\LPCXpresso_6.1.4_194\workspace\Lib_EaBaseBoard\Debug\libLib_EaBaseBoard.a(oled.o)
 .text.writeData
                0x00002e10       0x60 C:\Users\evert\Documents\LPCXpresso_6.1.4_194\workspace\Lib_EaBaseBoard\Debug\libLib_EaBaseBoard.a(oled.o)
 .text.writeDataLen
                0x00002e70       0x8c C:\Users\evert\Documents\LPCXpresso_6.1.4_194\workspace\Lib_EaBaseBoard\Debug\libLib_EaBaseBoard.a(oled.o)
 .text.runInitSequence
                0x00002efc      0x118 C:\Users\evert\Documents\LPCXpresso_6.1.4_194\workspace\Lib_EaBaseBoard\Debug\libLib_EaBaseBoard.a(oled.o)
 .text.oled_init
                0x00003014       0x9c C:\Users\evert\Documents\LPCXpresso_6.1.4_194\workspace\Lib_EaBaseBoard\Debug\libLib_EaBaseBoard.a(oled.o)
                0x00003014                oled_init
 .text.oled_putPixel
                0x000030b0      0x188 C:\Users\evert\Documents\LPCXpresso_6.1.4_194\workspace\Lib_EaBaseBoard\Debug\libLib_EaBaseBoard.a(oled.o)
                0x000030b0                oled_putPixel
 .text.oled_clearScreen
                0x00003238       0x74 C:\Users\evert\Documents\LPCXpresso_6.1.4_194\workspace\Lib_EaBaseBoard\Debug\libLib_EaBaseBoard.a(oled.o)
                0x00003238                oled_clearScreen
 .text.oled_putChar
                0x000032ac       0xf0 C:\Users\evert\Documents\LPCXpresso_6.1.4_194\workspace\Lib_EaBaseBoard\Debug\libLib_EaBaseBoard.a(oled.o)
                0x000032ac                oled_putChar
 .text.oled_putString
                0x0000339c       0x54 C:\Users\evert\Documents\LPCXpresso_6.1.4_194\workspace\Lib_EaBaseBoard\Debug\libLib_EaBaseBoard.a(oled.o)
                0x0000339c                oled_putString
 .text.GPIO_GetPointer
                0x000033f0       0x7c C:\Users\evert\Documents\LPCXpresso_6.1.4_194\workspace\Lib_MCU\Debug\libLib_MCU.a(lpc17xx_gpio.o)
 .text.GPIO_SetDir
                0x0000346c       0x54 C:\Users\evert\Documents\LPCXpresso_6.1.4_194\workspace\Lib_MCU\Debug\libLib_MCU.a(lpc17xx_gpio.o)
                0x0000346c                GPIO_SetDir
 .text.GPIO_SetValue
                0x000034c0       0x2c C:\Users\evert\Documents\LPCXpresso_6.1.4_194\workspace\Lib_MCU\Debug\libLib_MCU.a(lpc17xx_gpio.o)
                0x000034c0                GPIO_SetValue
 .text.GPIO_ClearValue
                0x000034ec       0x2c C:\Users\evert\Documents\LPCXpresso_6.1.4_194\workspace\Lib_MCU\Debug\libLib_MCU.a(lpc17xx_gpio.o)
                0x000034ec                GPIO_ClearValue
 .text.PINSEL_SetPinFunc
                0x00003518       0x9c C:\Users\evert\Documents\LPCXpresso_6.1.4_194\workspace\Lib_MCU\Debug\libLib_MCU.a(lpc17xx_pinsel.o)
                0x00003518                PINSEL_SetPinFunc
 .text.PINSEL_SetResistorMode
                0x000035b4       0x9c C:\Users\evert\Documents\LPCXpresso_6.1.4_194\workspace\Lib_MCU\Debug\libLib_MCU.a(lpc17xx_pinsel.o)
                0x000035b4                PINSEL_SetResistorMode
 .text.PINSEL_SetOpenDrainMode
                0x00003650       0x7c C:\Users\evert\Documents\LPCXpresso_6.1.4_194\workspace\Lib_MCU\Debug\libLib_MCU.a(lpc17xx_pinsel.o)
                0x00003650                PINSEL_SetOpenDrainMode
 .text.PINSEL_ConfigPin
                0x000036cc       0x54 C:\Users\evert\Documents\LPCXpresso_6.1.4_194\workspace\Lib_MCU\Debug\libLib_MCU.a(lpc17xx_pinsel.o)
                0x000036cc                PINSEL_ConfigPin
 .text.SSP_getNum
                0x00003720       0x40 C:\Users\evert\Documents\LPCXpresso_6.1.4_194\workspace\Lib_MCU\Debug\libLib_MCU.a(lpc17xx_ssp.o)
 .text.SSP_IntHandler
                0x00003760      0x338 C:\Users\evert\Documents\LPCXpresso_6.1.4_194\workspace\Lib_MCU\Debug\libLib_MCU.a(lpc17xx_ssp.o)
                0x00003760                SSP_IntHandler
 .text.SSP_SetClock
                0x00003a98       0xf8 C:\Users\evert\Documents\LPCXpresso_6.1.4_194\workspace\Lib_MCU\Debug\libLib_MCU.a(lpc17xx_ssp.o)
                0x00003a98                SSP_SetClock
 .text.SSP_Init
                0x00003b90      0x10c C:\Users\evert\Documents\LPCXpresso_6.1.4_194\workspace\Lib_MCU\Debug\libLib_MCU.a(lpc17xx_ssp.o)
                0x00003b90                SSP_Init
 .text.SSP_ConfigStructInit
                0x00003c9c       0x48 C:\Users\evert\Documents\LPCXpresso_6.1.4_194\workspace\Lib_MCU\Debug\libLib_MCU.a(lpc17xx_ssp.o)
                0x00003c9c                SSP_ConfigStructInit
 .text.SSP_Cmd  0x00003ce4       0x7c C:\Users\evert\Documents\LPCXpresso_6.1.4_194\workspace\Lib_MCU\Debug\libLib_MCU.a(lpc17xx_ssp.o)
                0x00003ce4                SSP_Cmd
 .text.SSP_SendData
                0x00003d60       0x48 C:\Users\evert\Documents\LPCXpresso_6.1.4_194\workspace\Lib_MCU\Debug\libLib_MCU.a(lpc17xx_ssp.o)
                0x00003d60                SSP_SendData
 .text.SSP_ReceiveData
                0x00003da8       0x44 C:\Users\evert\Documents\LPCXpresso_6.1.4_194\workspace\Lib_MCU\Debug\libLib_MCU.a(lpc17xx_ssp.o)
                0x00003da8                SSP_ReceiveData
 .text.SSP_ReadWrite
                0x00003dec      0x440 C:\Users\evert\Documents\LPCXpresso_6.1.4_194\workspace\Lib_MCU\Debug\libLib_MCU.a(lpc17xx_ssp.o)
                0x00003dec                SSP_ReadWrite
 .text.CLKPWR_GetPCLKSEL
                0x0000422c       0x54 C:\Users\evert\Documents\LPCXpresso_6.1.4_194\workspace\Lib_MCU\Debug\libLib_MCU.a(lpc17xx_clkpwr.o)
                0x0000422c                CLKPWR_GetPCLKSEL
 .text.CLKPWR_GetPCLK
                0x00004280       0x74 C:\Users\evert\Documents\LPCXpresso_6.1.4_194\workspace\Lib_MCU\Debug\libLib_MCU.a(lpc17xx_clkpwr.o)
                0x00004280                CLKPWR_GetPCLK
 .text.CLKPWR_ConfigPPWR
                0x000042f4       0x78 C:\Users\evert\Documents\LPCXpresso_6.1.4_194\workspace\Lib_MCU\Debug\libLib_MCU.a(lpc17xx_clkpwr.o)
                0x000042f4                CLKPWR_ConfigPPWR
 .text.check_failed
                0x0000436c        0xc C:\Users\evert\Documents\LPCXpresso_6.1.4_194\workspace\Lib_MCU\Debug\libLib_MCU.a(lpc17xx_libcfg_default.o)
                0x0000436c                check_failed
 .text          0x00004378       0x2c c:/nxp/lpcxpresso_6.1.4_194/lpcxpresso/tools/bin/../lib/gcc/arm-none-eabi/4.6.2/armv7-m\libgcc.a(_aeabi_uldivmod.o)
                0x00004378                __aeabi_uldivmod
 .text          0x000043a4       0x5c c:/nxp/lpcxpresso_6.1.4_194/lpcxpresso/tools/bin/../lib/gcc/arm-none-eabi/4.6.2/armv7-m\libgcc.a(bpabi.o)
                0x000043a4                __gnu_ldivmod_helper
                0x000043d4                __gnu_uldivmod_helper
 .text          0x00004400        0x4 c:/nxp/lpcxpresso_6.1.4_194/lpcxpresso/tools/bin/../lib/gcc/arm-none-eabi/4.6.2/armv7-m\libgcc.a(_dvmd_tls.o)
                0x00004400                __aeabi_idiv0
                0x00004400                __aeabi_ldiv0
 .text          0x00004404      0x2c8 c:/nxp/lpcxpresso_6.1.4_194/lpcxpresso/tools/bin/../lib/gcc/arm-none-eabi/4.6.2/armv7-m\libgcc.a(_divdi3.o)
                0x00004404                __divdi3
 .text          0x000046cc      0x298 c:/nxp/lpcxpresso_6.1.4_194/lpcxpresso/tools/bin/../lib/gcc/arm-none-eabi/4.6.2/armv7-m\libgcc.a(_udivdi3.o)
                0x000046cc                __udivdi3
 .text.memcmp   0x00004964       0x60 c:/nxp/lpcxpresso_6.1.4_194/lpcxpresso/tools/bin/../lib/gcc/arm-none-eabi/4.6.2/../../../../arm-none-eabi/lib/armv7-m\libc.a(lib_a-memcmp.o)
                0x00004964                memcmp
 .text.memcpy   0x000049c4       0x84 c:/nxp/lpcxpresso_6.1.4_194/lpcxpresso/tools/bin/../lib/gcc/arm-none-eabi/4.6.2/../../../../arm-none-eabi/lib/armv7-m\libc.a(lib_a-memcpy.o)
                0x000049c4                memcpy
 .text.memset   0x00004a48       0x90 c:/nxp/lpcxpresso_6.1.4_194/lpcxpresso/tools/bin/../lib/gcc/arm-none-eabi/4.6.2/../../../../arm-none-eabi/lib/armv7-m\libc.a(lib_a-memset.o)
                0x00004a48                memset
 .text.sprintf  0x00004ad8       0x50 c:/nxp/lpcxpresso_6.1.4_194/lpcxpresso/tools/bin/../lib/gcc/arm-none-eabi/4.6.2/../../../../arm-none-eabi/lib/armv7-m\libc.a(lib_a-sprintf.o)
                0x00004ad8                sprintf
 .text._svfprintf_r
                0x00004b28     0x1408 c:/nxp/lpcxpresso_6.1.4_194/lpcxpresso/tools/bin/../lib/gcc/arm-none-eabi/4.6.2/../../../../arm-none-eabi/lib/armv7-m\libc.a(lib_a-svfprintf.o)
                0x00004b28                _svfprintf_r
 .text.quorem   0x00005f30      0x150 c:/nxp/lpcxpresso_6.1.4_194/lpcxpresso/tools/bin/../lib/gcc/arm-none-eabi/4.6.2/../../../../arm-none-eabi/lib/armv7-m\libc.a(lib_a-dtoa.o)
 .text._dtoa_r  0x00006080      0xe60 c:/nxp/lpcxpresso_6.1.4_194/lpcxpresso/tools/bin/../lib/gcc/arm-none-eabi/4.6.2/../../../../arm-none-eabi/lib/armv7-m\libc.a(lib_a-dtoa.o)
                0x00006080                _dtoa_r
 .text._localeconv_r
                0x00006ee0        0xc c:/nxp/lpcxpresso_6.1.4_194/lpcxpresso/tools/bin/../lib/gcc/arm-none-eabi/4.6.2/../../../../arm-none-eabi/lib/armv7-m\libc.a(lib_a-locale.o)
                0x00006ee0                _localeconv_r
 .text._malloc_r
                0x00006eec      0x528 c:/nxp/lpcxpresso_6.1.4_194/lpcxpresso/tools/bin/../lib/gcc/arm-none-eabi/4.6.2/../../../../arm-none-eabi/lib/armv7-m\libc.a(lib_a-mallocr.o)
                0x00006eec                _malloc_r
 .text.memchr   0x00007414       0x84 c:/nxp/lpcxpresso_6.1.4_194/lpcxpresso/tools/bin/../lib/gcc/arm-none-eabi/4.6.2/../../../../arm-none-eabi/lib/armv7-m\libc.a(lib_a-memchr.o)
                0x00007414                memchr
 .text.__malloc_lock
                0x00007498        0x4 c:/nxp/lpcxpresso_6.1.4_194/lpcxpresso/tools/bin/../lib/gcc/arm-none-eabi/4.6.2/../../../../arm-none-eabi/lib/armv7-m\libc.a(lib_a-mlock.o)
                0x00007498                __malloc_lock
 .text.__malloc_unlock
                0x0000749c        0x4 c:/nxp/lpcxpresso_6.1.4_194/lpcxpresso/tools/bin/../lib/gcc/arm-none-eabi/4.6.2/../../../../arm-none-eabi/lib/armv7-m\libc.a(lib_a-mlock.o)
                0x0000749c                __malloc_unlock
 .text._Balloc  0x000074a0       0x4c c:/nxp/lpcxpresso_6.1.4_194/lpcxpresso/tools/bin/../lib/gcc/arm-none-eabi/4.6.2/../../../../arm-none-eabi/lib/armv7-m\libc.a(lib_a-mprec.o)
                0x000074a0                _Balloc
 .text._Bfree   0x000074ec       0x14 c:/nxp/lpcxpresso_6.1.4_194/lpcxpresso/tools/bin/../lib/gcc/arm-none-eabi/4.6.2/../../../../arm-none-eabi/lib/armv7-m\libc.a(lib_a-mprec.o)
                0x000074ec                _Bfree
 .text.__multadd
                0x00007500       0x84 c:/nxp/lpcxpresso_6.1.4_194/lpcxpresso/tools/bin/../lib/gcc/arm-none-eabi/4.6.2/../../../../arm-none-eabi/lib/armv7-m\libc.a(lib_a-mprec.o)
                0x00007500                __multadd
 .text.__hi0bits
                0x00007584       0x3c c:/nxp/lpcxpresso_6.1.4_194/lpcxpresso/tools/bin/../lib/gcc/arm-none-eabi/4.6.2/../../../../arm-none-eabi/lib/armv7-m\libc.a(lib_a-mprec.o)
                0x00007584                __hi0bits
 .text.__lo0bits
                0x000075c0       0x5c c:/nxp/lpcxpresso_6.1.4_194/lpcxpresso/tools/bin/../lib/gcc/arm-none-eabi/4.6.2/../../../../arm-none-eabi/lib/armv7-m\libc.a(lib_a-mprec.o)
                0x000075c0                __lo0bits
 .text.__i2b    0x0000761c       0x14 c:/nxp/lpcxpresso_6.1.4_194/lpcxpresso/tools/bin/../lib/gcc/arm-none-eabi/4.6.2/../../../../arm-none-eabi/lib/armv7-m\libc.a(lib_a-mprec.o)
                0x0000761c                __i2b
 .text.__multiply
                0x00007630      0x144 c:/nxp/lpcxpresso_6.1.4_194/lpcxpresso/tools/bin/../lib/gcc/arm-none-eabi/4.6.2/../../../../arm-none-eabi/lib/armv7-m\libc.a(lib_a-mprec.o)
                0x00007630                __multiply
 .text.__pow5mult
                0x00007774       0x98 c:/nxp/lpcxpresso_6.1.4_194/lpcxpresso/tools/bin/../lib/gcc/arm-none-eabi/4.6.2/../../../../arm-none-eabi/lib/armv7-m\libc.a(lib_a-mprec.o)
                0x00007774                __pow5mult
 .text.__lshift
                0x0000780c       0xc0 c:/nxp/lpcxpresso_6.1.4_194/lpcxpresso/tools/bin/../lib/gcc/arm-none-eabi/4.6.2/../../../../arm-none-eabi/lib/armv7-m\libc.a(lib_a-mprec.o)
                0x0000780c                __lshift
 .text.__mcmp   0x000078cc       0x3c c:/nxp/lpcxpresso_6.1.4_194/lpcxpresso/tools/bin/../lib/gcc/arm-none-eabi/4.6.2/../../../../arm-none-eabi/lib/armv7-m\libc.a(lib_a-mprec.o)
                0x000078cc                __mcmp
 .text.__mdiff  0x00007908       0xd8 c:/nxp/lpcxpresso_6.1.4_194/lpcxpresso/tools/bin/../lib/gcc/arm-none-eabi/4.6.2/../../../../arm-none-eabi/lib/armv7-m\libc.a(lib_a-mprec.o)
                0x00007908                __mdiff
 .text.__d2b    0x000079e0       0xcc c:/nxp/lpcxpresso_6.1.4_194/lpcxpresso/tools/bin/../lib/gcc/arm-none-eabi/4.6.2/../../../../arm-none-eabi/lib/armv7-m\libc.a(lib_a-mprec.o)
                0x000079e0                __d2b
 .text.__fpclassifyd
                0x00007aac       0x68 c:/nxp/lpcxpresso_6.1.4_194/lpcxpresso/tools/bin/../lib/gcc/arm-none-eabi/4.6.2/../../../../arm-none-eabi/lib/armv7-m\libc.a(lib_a-s_fpclassify.o)
                0x00007aac                __fpclassifyd
 .text._sbrk_r  0x00007b14       0x24 c:/nxp/lpcxpresso_6.1.4_194/lpcxpresso/tools/bin/../lib/gcc/arm-none-eabi/4.6.2/../../../../arm-none-eabi/lib/armv7-m\libc.a(lib_a-sbrkr.o)
                0x00007b14                _sbrk_r
 .text.strlen   0x00007b38       0x60 c:/nxp/lpcxpresso_6.1.4_194/lpcxpresso/tools/bin/../lib/gcc/arm-none-eabi/4.6.2/../../../../arm-none-eabi/lib/armv7-m\libc.a(lib_a-strlen.o)
                0x00007b38                strlen
 .text.__ssprint_r
                0x00007b98       0xf8 c:/nxp/lpcxpresso_6.1.4_194/lpcxpresso/tools/bin/../lib/gcc/arm-none-eabi/4.6.2/../../../../arm-none-eabi/lib/armv7-m\libc.a(lib_a-svfiprintf.o)
                0x00007b98                __ssprint_r
 .text._calloc_r
                0x00007c90       0x60 c:/nxp/lpcxpresso_6.1.4_194/lpcxpresso/tools/bin/../lib/gcc/arm-none-eabi/4.6.2/../../../../arm-none-eabi/lib/armv7-m\libc.a(lib_a-callocr.o)
                0x00007c90                _calloc_r
 .text._malloc_trim_r
                0x00007cf0       0xa0 c:/nxp/lpcxpresso_6.1.4_194/lpcxpresso/tools/bin/../lib/gcc/arm-none-eabi/4.6.2/../../../../arm-none-eabi/lib/armv7-m\libc.a(lib_a-freer.o)
                0x00007cf0                _malloc_trim_r
 .text._free_r  0x00007d90      0x190 c:/nxp/lpcxpresso_6.1.4_194/lpcxpresso/tools/bin/../lib/gcc/arm-none-eabi/4.6.2/../../../../arm-none-eabi/lib/armv7-m\libc.a(lib_a-freer.o)
                0x00007d90                _free_r
 .text.memmove  0x00007f20       0xb0 c:/nxp/lpcxpresso_6.1.4_194/lpcxpresso/tools/bin/../lib/gcc/arm-none-eabi/4.6.2/../../../../arm-none-eabi/lib/armv7-m\libc.a(lib_a-memmove.o)
                0x00007f20                memmove
 .text._realloc_r
                0x00007fd0      0x3f4 c:/nxp/lpcxpresso_6.1.4_194/lpcxpresso/tools/bin/../lib/gcc/arm-none-eabi/4.6.2/../../../../arm-none-eabi/lib/armv7-m\libc.a(lib_a-reallocr.o)
                0x00007fd0                _realloc_r
 .text._sbrk    0x000083c4       0x3c c:/nxp/lpcxpresso_6.1.4_194/lpcxpresso/tools/bin/../lib/gcc/arm-none-eabi/4.6.2/../../../../arm-none-eabi/lib/armv7-m\libcr_newlib_semihost.a(_cr_sbrk.o)
                0x000083c4                _sbrk
 .text.__check_heap_overflow
                0x00008400       0x2c c:/nxp/lpcxpresso_6.1.4_194/lpcxpresso/tools/bin/../lib/gcc/arm-none-eabi/4.6.2/../../../../arm-none-eabi/lib/armv7-m\libcr_newlib_semihost.a(_cr_check_heap.o)
                0x00008400                __check_heap_overflow
 .text          0x0000842c      0x370 c:/nxp/lpcxpresso_6.1.4_194/lpcxpresso/tools/bin/../lib/gcc/arm-none-eabi/4.6.2/armv7-m\libgcc.a(_arm_addsubdf3.o)
                0x0000842c                __aeabi_drsub
                0x00008434                __aeabi_dsub
                0x00008434                __subdf3
                0x00008438                __aeabi_dadd
                0x00008438                __adddf3
                0x000086b0                __floatunsidf
                0x000086b0                __aeabi_ui2d
                0x000086d0                __floatsidf
                0x000086d0                __aeabi_i2d
                0x000086f4                __aeabi_f2d
                0x000086f4                __extendsfdf2
                0x00008730                __floatundidf
                0x00008730                __aeabi_ul2d
                0x00008740                __floatdidf
                0x00008740                __aeabi_l2d
 .text          0x0000879c      0x424 c:/nxp/lpcxpresso_6.1.4_194/lpcxpresso/tools/bin/../lib/gcc/arm-none-eabi/4.6.2/armv7-m\libgcc.a(_arm_muldivdf3.o)
                0x0000879c                __aeabi_dmul
                0x0000879c                __muldf3
                0x000089f0                __divdf3
                0x000089f0                __aeabi_ddiv
 .text          0x00008bc0      0x110 c:/nxp/lpcxpresso_6.1.4_194/lpcxpresso/tools/bin/../lib/gcc/arm-none-eabi/4.6.2/armv7-m\libgcc.a(_arm_cmpdf2.o)
                0x00008bc0                __gtdf2
                0x00008bc0                __gedf2
                0x00008bc8                __ltdf2
                0x00008bc8                __ledf2
                0x00008bd0                __nedf2
                0x00008bd0                __eqdf2
                0x00008bd0                __cmpdf2
                0x00008c4c                __aeabi_cdrcmple
                0x00008c5c                __aeabi_cdcmpeq
                0x00008c5c                __aeabi_cdcmple
                0x00008c6c                __aeabi_dcmpeq
                0x00008c80                __aeabi_dcmplt
                0x00008c94                __aeabi_dcmple
                0x00008ca8                __aeabi_dcmpge
                0x00008cbc                __aeabi_dcmpgt
 .text          0x00008cd0       0x50 c:/nxp/lpcxpresso_6.1.4_194/lpcxpresso/tools/bin/../lib/gcc/arm-none-eabi/4.6.2/armv7-m\libgcc.a(_arm_fixdfsi.o)
                0x00008cd0                __aeabi_d2iz
                0x00008cd0                __fixdfsi
 .text.__errno  0x00008d20        0xc c:/nxp/lpcxpresso_6.1.4_194/lpcxpresso/tools/bin/../lib/gcc/arm-none-eabi/4.6.2/../../../../arm-none-eabi/lib/armv7-m\libc.a(lib_a-errno.o)
                0x00008d20                __errno
 *(.rodata .rodata.* .constdata .constdata.*)
 .rodata        0x00008d2c      0x614 ./src/easyweb.o
                0x00008d2c                GetResponse
                0x00008d5c                MyIP
                0x00008d60                SubnetMask
                0x00008d64                GatewayIP
                0x00008d68                WebSide
 .rodata        0x00009340        0x8 ./src/tcpip.o
                0x00009340                MyMAC
 .rodata        0x00009348        0x8 C:\Users\evert\Documents\LPCXpresso_6.1.4_194\workspace\Lib_EaBaseBoard\Debug\libLib_EaBaseBoard.a(oled.o)
 .rodata        0x00009350      0x300 C:\Users\evert\Documents\LPCXpresso_6.1.4_194\workspace\Lib_EaBaseBoard\Debug\libLib_EaBaseBoard.a(font5x7.o)
                0x00009350                font5x7
 .rodata        0x00009650       0x18 C:\Users\evert\Documents\LPCXpresso_6.1.4_194\workspace\Lib_MCU\Debug\libLib_MCU.a(lpc17xx_ssp.o)
 .rodata.zeroes.6590
                0x00009668       0x10 c:/nxp/lpcxpresso_6.1.4_194/lpcxpresso/tools/bin/../lib/gcc/arm-none-eabi/4.6.2/../../../../arm-none-eabi/lib/armv7-m\libc.a(lib_a-svfprintf.o)
 .rodata.str1.4
                0x00009678       0x42 c:/nxp/lpcxpresso_6.1.4_194/lpcxpresso/tools/bin/../lib/gcc/arm-none-eabi/4.6.2/../../../../arm-none-eabi/lib/armv7-m\libc.a(lib_a-svfprintf.o)
                                 0x44 (size before relaxing)
 *fill*         0x000096ba        0x2 00
 .rodata.blanks.6589
                0x000096bc       0x10 c:/nxp/lpcxpresso_6.1.4_194/lpcxpresso/tools/bin/../lib/gcc/arm-none-eabi/4.6.2/../../../../arm-none-eabi/lib/armv7-m\libc.a(lib_a-svfprintf.o)
 .rodata.str1.4
                0x000096cc       0x10 c:/nxp/lpcxpresso_6.1.4_194/lpcxpresso/tools/bin/../lib/gcc/arm-none-eabi/4.6.2/../../../../arm-none-eabi/lib/armv7-m\libc.a(lib_a-dtoa.o)
                                 0x14 (size before relaxing)
 .rodata.str1.4
                0x000096dc        0x2 c:/nxp/lpcxpresso_6.1.4_194/lpcxpresso/tools/bin/../lib/gcc/arm-none-eabi/4.6.2/../../../../arm-none-eabi/lib/armv7-m\libc.a(lib_a-impure.o)
                                  0x4 (size before relaxing)
 *fill*         0x000096de        0x2 00
 .rodata.str1.4
                0x000096e0        0xc c:/nxp/lpcxpresso_6.1.4_194/lpcxpresso/tools/bin/../lib/gcc/arm-none-eabi/4.6.2/../../../../arm-none-eabi/lib/armv7-m\libc.a(lib_a-locale.o)
                                 0x14 (size before relaxing)
 *fill*         0x000096ec        0x4 00
 .rodata.__mprec_tens
                0x000096f0       0xc8 c:/nxp/lpcxpresso_6.1.4_194/lpcxpresso/tools/bin/../lib/gcc/arm-none-eabi/4.6.2/../../../../arm-none-eabi/lib/armv7-m\libc.a(lib_a-mprec.o)
                0x000096f0                __mprec_tens
 .rodata.__mprec_bigtens
                0x000097b8       0x28 c:/nxp/lpcxpresso_6.1.4_194/lpcxpresso/tools/bin/../lib/gcc/arm-none-eabi/4.6.2/../../../../arm-none-eabi/lib/armv7-m\libc.a(lib_a-mprec.o)
                0x000097b8                __mprec_bigtens
 .rodata.p05.5111
                0x000097e0        0xc c:/nxp/lpcxpresso_6.1.4_194/lpcxpresso/tools/bin/../lib/gcc/arm-none-eabi/4.6.2/../../../../arm-none-eabi/lib/armv7-m\libc.a(lib_a-mprec.o)
                0x000097ec                . = ALIGN (0x4)

.glue_7         0x000097ec        0x0
 .glue_7        0x00000000        0x0 linker stubs

.glue_7t        0x000097ec        0x0
 .glue_7t       0x00000000        0x0 linker stubs

.vfp11_veneer   0x000097ec        0x0
 .vfp11_veneer  0x00000000        0x0 linker stubs

.v4_bx          0x000097ec        0x0
 .v4_bx         0x00000000        0x0 linker stubs

.ARM.extab
 *(.ARM.extab* .gnu.linkonce.armextab.*)
                0x000097ec                __exidx_start = .

.ARM.exidx      0x000097ec        0x8
 *(.ARM.exidx* .gnu.linkonce.armexidx.*)
 .ARM.exidx     0x000097ec        0x8 c:/nxp/lpcxpresso_6.1.4_194/lpcxpresso/tools/bin/../lib/gcc/arm-none-eabi/4.6.2/armv7-m\libgcc.a(_divdi3.o)
 .ARM.exidx     0x000097f4        0x0 c:/nxp/lpcxpresso_6.1.4_194/lpcxpresso/tools/bin/../lib/gcc/arm-none-eabi/4.6.2/armv7-m\libgcc.a(_udivdi3.o)
                                  0x8 (size before relaxing)
                0x000097f4                __exidx_end = .
                0x000097f4                _etext = .

.data_RAM2      0x2007c000        0x0 load address 0x000097f4
 FILL mask 0xff
 *(.data.$RAM2*)
 *(.data.$RamAHB32*)
                0x2007c000                . = ALIGN (0x4)

.uninit_RESERVED
                0x10000000        0x0
 *(.bss.$RESERVED*)
                0x10000000                . = ALIGN (0x4)
                0x10000000                _end_uninit_RESERVED = .

.data           0x10000000      0x87c load address 0x000097f4
 FILL mask 0xff
                0x10000000                _data = .
 *(vtable)
 *(.data*)
 .data          0x10000000        0x4 ./src/easyweb.o
                0x10000000                aaScrollbar
 .data          0x10000004        0x4 C:\Users\evert\Documents\LPCXpresso_6.1.4_194\workspace\Lib_CMSISv1p30_LPC17xx\Debug\libCMSISv1p30_LPC17xx.a(system_LPC17xx.o)
                0x10000004                SystemCoreClock
 .data.impure_data
                0x10000008      0x428 c:/nxp/lpcxpresso_6.1.4_194/lpcxpresso/tools/bin/../lib/gcc/arm-none-eabi/4.6.2/../../../../arm-none-eabi/lib/armv7-m\libc.a(lib_a-impure.o)
 .data._impure_ptr
                0x10000430        0x4 c:/nxp/lpcxpresso_6.1.4_194/lpcxpresso/tools/bin/../lib/gcc/arm-none-eabi/4.6.2/../../../../arm-none-eabi/lib/armv7-m\libc.a(lib_a-impure.o)
                0x10000430                _impure_ptr
 .data.lconv    0x10000434       0x38 c:/nxp/lpcxpresso_6.1.4_194/lpcxpresso/tools/bin/../lib/gcc/arm-none-eabi/4.6.2/../../../../arm-none-eabi/lib/armv7-m\libc.a(lib_a-locale.o)
 .data.__malloc_av_
                0x1000046c      0x408 c:/nxp/lpcxpresso_6.1.4_194/lpcxpresso/tools/bin/../lib/gcc/arm-none-eabi/4.6.2/../../../../arm-none-eabi/lib/armv7-m\libc.a(lib_a-mallocr.o)
                0x1000046c                __malloc_av_
 .data.__malloc_trim_threshold
                0x10000874        0x4 c:/nxp/lpcxpresso_6.1.4_194/lpcxpresso/tools/bin/../lib/gcc/arm-none-eabi/4.6.2/../../../../arm-none-eabi/lib/armv7-m\libc.a(lib_a-mallocr.o)
                0x10000874                __malloc_trim_threshold
 .data.__malloc_sbrk_base
                0x10000878        0x4 c:/nxp/lpcxpresso_6.1.4_194/lpcxpresso/tools/bin/../lib/gcc/arm-none-eabi/4.6.2/../../../../arm-none-eabi/lib/armv7-m\libc.a(lib_a-mallocr.o)
                0x10000878                __malloc_sbrk_base
                0x1000087c                . = ALIGN (0x4)
                0x1000087c                _edata = .

.bss_RAM2       0x2007c000        0x0
 *(.bss.$RAM2*)
 *(.bss.$RamAHB32*)
                0x2007c000                . = ALIGN (0x4)

.bss            0x1000087c      0x748
                0x1000087c                _bss = .
 *(.bss*)
 .bss           0x1000087c        0x8 ./src/easyweb.o
                0x1000087c                aaPagecounter
                0x10000880                adcValue
 .bss           0x10000884        0x8 ./src/ethmac.o
 .bss           0x1000088c        0x8 ./src/ew_systick.o
                0x1000088c                TimeTick
                0x10000890                TimeTick2
 .bss           0x10000894      0x300 C:\Users\evert\Documents\LPCXpresso_6.1.4_194\workspace\Lib_EaBaseBoard\Debug\libLib_EaBaseBoard.a(oled.o)
 .bss           0x10000b94       0x18 C:\Users\evert\Documents\LPCXpresso_6.1.4_194\workspace\Lib_MCU\Debug\libLib_MCU.a(lpc17xx_ssp.o)
 .bss.__malloc_max_total_mem
                0x10000bac        0x4 c:/nxp/lpcxpresso_6.1.4_194/lpcxpresso/tools/bin/../lib/gcc/arm-none-eabi/4.6.2/../../../../arm-none-eabi/lib/armv7-m\libc.a(lib_a-mallocr.o)
                0x10000bac                __malloc_max_total_mem
 .bss.__malloc_max_sbrked_mem
                0x10000bb0        0x4 c:/nxp/lpcxpresso_6.1.4_194/lpcxpresso/tools/bin/../lib/gcc/arm-none-eabi/4.6.2/../../../../arm-none-eabi/lib/armv7-m\libc.a(lib_a-mallocr.o)
                0x10000bb0                __malloc_max_sbrked_mem
 .bss.__malloc_top_pad
                0x10000bb4        0x4 c:/nxp/lpcxpresso_6.1.4_194/lpcxpresso/tools/bin/../lib/gcc/arm-none-eabi/4.6.2/../../../../arm-none-eabi/lib/armv7-m\libc.a(lib_a-mallocr.o)
                0x10000bb4                __malloc_top_pad
 .bss.__malloc_current_mallinfo
                0x10000bb8       0x28 c:/nxp/lpcxpresso_6.1.4_194/lpcxpresso/tools/bin/../lib/gcc/arm-none-eabi/4.6.2/../../../../arm-none-eabi/lib/armv7-m\libc.a(lib_a-mallocr.o)
                0x10000bb8                __malloc_current_mallinfo
 *(COMMON)
 COMMON         0x10000be0      0x3da ./src/easyweb.o
                0x10000be0                TCPTimer
                0x10000be4                HTTPBytesToSend
                0x10000be8                TCPRxDataCount
                0x10000bea                HTTPStatus
                0x10000bec                TCPTxDataCount
                0x10000bf0                RecdFrameIP
                0x10000bf4                RemoteMAC
                0x10000bfa                TCPStateMachine
                0x10000bfc                TCPUNASeqNr
                0x10000c00                TCPLocalPort
                0x10000c04                _RxTCPBuffer
                0x10000d04                ITM_RxBuffer
                0x10000d08                TCPFlags
                0x10000d0c                RecdFrameMAC
                0x10000d12                RecdIPFrameLength
                0x10000d14                PWebSide
                0x10000d18                RemoteIP
                0x10000d1c                LastFrameSent
                0x10000d1e                TCPRemotePort
                0x10000d20                TxFrame2Size
                0x10000d24                TCPAckNr
                0x10000d28                TransmitControl
                0x10000d2a                TxFrame1Size
                0x10000d2c                ISNGenHigh
                0x10000d30                _TxFrame2
                0x10000d7a                RecdFrameLength
                0x10000d7c                _TxFrame1
                0x10000fb4                TCPSeqNr
                0x10000fb8                RetryCounter
                0x10000fb9                SocketStatus
 *fill*         0x10000fba        0x2 00
 COMMON         0x10000fbc        0x4 c:/nxp/lpcxpresso_6.1.4_194/lpcxpresso/tools/bin/../lib/gcc/arm-none-eabi/4.6.2/../../../../arm-none-eabi/lib/armv7-m\libc.a(lib_a-reent.o)
                0x10000fbc                errno
 COMMON         0x10000fc0        0x4 c:/nxp/lpcxpresso_6.1.4_194/lpcxpresso/tools/bin/../lib/gcc/arm-none-eabi/4.6.2/../../../../arm-none-eabi/lib/armv7-m\libcr_newlib_semihost.a(_cr_sbrk.o)
                0x10000fc0                __end_of_heap
                0x10000fc4                . = ALIGN (0x4)
                0x10000fc4                _ebss = .
                0x10000fc4                PROVIDE (end, .)

.noinit_RAM2    0x2007c000        0x0
 *(.noinit.$RAM2*)
 *(.noinit.$RamAHB32*)
                0x2007c000                . = ALIGN (0x4)

.noinit         0x10000fc4        0x0
                0x10000fc4                _noinit = .
 *(.noinit*)
                0x10000fc4                . = ALIGN (0x4)
                0x10000fc4                _end_noinit = .
                0x10000fc4                PROVIDE (_pvHeapStart, .)
                0x10008000                PROVIDE (_vStackTop, (__top_RamLoc32 - 0x0))
OUTPUT(easyweb.axf elf32-littlearm)

.debug_info     0x00000000     0x5a5a
 .debug_info    0x00000000      0x209 ./src/cr_startup_lpc17.o
 .debug_info    0x00000209      0x7c6 ./src/easyweb.o
 .debug_info    0x000009cf      0xbb4 ./src/ethmac.o
 .debug_info    0x00001583      0x8c4 ./src/ew_systick.o
 .debug_info    0x00001e47      0xd64 ./src/tcpip.o
 .debug_info    0x00002bab      0x357 C:\Users\evert\Documents\LPCXpresso_6.1.4_194\workspace\Lib_CMSISv1p30_LPC17xx\Debug\libCMSISv1p30_LPC17xx.a(system_LPC17xx.o)
 .debug_info    0x00002f02      0x97d C:\Users\evert\Documents\LPCXpresso_6.1.4_194\workspace\Lib_EaBaseBoard\Debug\libLib_EaBaseBoard.a(oled.o)
 .debug_info    0x0000387f       0x65 C:\Users\evert\Documents\LPCXpresso_6.1.4_194\workspace\Lib_EaBaseBoard\Debug\libLib_EaBaseBoard.a(font5x7.o)
 .debug_info    0x000038e4      0xb95 C:\Users\evert\Documents\LPCXpresso_6.1.4_194\workspace\Lib_MCU\Debug\libLib_MCU.a(lpc17xx_gpio.o)
 .debug_info    0x00004479      0x4b1 C:\Users\evert\Documents\LPCXpresso_6.1.4_194\workspace\Lib_MCU\Debug\libLib_MCU.a(lpc17xx_pinsel.o)
 .debug_info    0x0000492a      0x867 C:\Users\evert\Documents\LPCXpresso_6.1.4_194\workspace\Lib_MCU\Debug\libLib_MCU.a(lpc17xx_ssp.o)
 .debug_info    0x00005191      0x641 C:\Users\evert\Documents\LPCXpresso_6.1.4_194\workspace\Lib_MCU\Debug\libLib_MCU.a(lpc17xx_clkpwr.o)
 .debug_info    0x000057d2       0xcd C:\Users\evert\Documents\LPCXpresso_6.1.4_194\workspace\Lib_MCU\Debug\libLib_MCU.a(lpc17xx_libcfg_default.o)
 .debug_info    0x0000589f      0x106 c:/nxp/lpcxpresso_6.1.4_194/lpcxpresso/tools/bin/../lib/gcc/arm-none-eabi/4.6.2/../../../../arm-none-eabi/lib/armv7-m\libcr_newlib_semihost.a(_cr_sbrk.o)
 .debug_info    0x000059a5       0xb5 c:/nxp/lpcxpresso_6.1.4_194/lpcxpresso/tools/bin/../lib/gcc/arm-none-eabi/4.6.2/../../../../arm-none-eabi/lib/armv7-m\libcr_newlib_semihost.a(_cr_check_heap.o)

.debug_abbrev   0x00000000     0x1229
 .debug_abbrev  0x00000000       0xb4 ./src/cr_startup_lpc17.o
 .debug_abbrev  0x000000b4      0x1c8 ./src/easyweb.o
 .debug_abbrev  0x0000027c      0x1b7 ./src/ethmac.o
 .debug_abbrev  0x00000433      0x199 ./src/ew_systick.o
 .debug_abbrev  0x000005cc      0x1f9 ./src/tcpip.o
 .debug_abbrev  0x000007c5       0xce C:\Users\evert\Documents\LPCXpresso_6.1.4_194\workspace\Lib_CMSISv1p30_LPC17xx\Debug\libCMSISv1p30_LPC17xx.a(system_LPC17xx.o)
 .debug_abbrev  0x00000893      0x1f1 C:\Users\evert\Documents\LPCXpresso_6.1.4_194\workspace\Lib_EaBaseBoard\Debug\libLib_EaBaseBoard.a(oled.o)
 .debug_abbrev  0x00000a84       0x4b C:\Users\evert\Documents\LPCXpresso_6.1.4_194\workspace\Lib_EaBaseBoard\Debug\libLib_EaBaseBoard.a(font5x7.o)
 .debug_abbrev  0x00000acf      0x185 C:\Users\evert\Documents\LPCXpresso_6.1.4_194\workspace\Lib_MCU\Debug\libLib_MCU.a(lpc17xx_gpio.o)
 .debug_abbrev  0x00000c54      0x10a C:\Users\evert\Documents\LPCXpresso_6.1.4_194\workspace\Lib_MCU\Debug\libLib_MCU.a(lpc17xx_pinsel.o)
 .debug_abbrev  0x00000d5e      0x1d3 C:\Users\evert\Documents\LPCXpresso_6.1.4_194\workspace\Lib_MCU\Debug\libLib_MCU.a(lpc17xx_ssp.o)
 .debug_abbrev  0x00000f31      0x174 C:\Users\evert\Documents\LPCXpresso_6.1.4_194\workspace\Lib_MCU\Debug\libLib_MCU.a(lpc17xx_clkpwr.o)
 .debug_abbrev  0x000010a5       0x6a C:\Users\evert\Documents\LPCXpresso_6.1.4_194\workspace\Lib_MCU\Debug\libLib_MCU.a(lpc17xx_libcfg_default.o)
 .debug_abbrev  0x0000110f       0xa8 c:/nxp/lpcxpresso_6.1.4_194/lpcxpresso/tools/bin/../lib/gcc/arm-none-eabi/4.6.2/../../../../arm-none-eabi/lib/armv7-m\libcr_newlib_semihost.a(_cr_sbrk.o)
 .debug_abbrev  0x000011b7       0x72 c:/nxp/lpcxpresso_6.1.4_194/lpcxpresso/tools/bin/../lib/gcc/arm-none-eabi/4.6.2/../../../../arm-none-eabi/lib/armv7-m\libcr_newlib_semihost.a(_cr_check_heap.o)

.debug_loc      0x00000000     0x1cc2
 .debug_loc     0x00000000      0x1f0 ./src/cr_startup_lpc17.o
 .debug_loc     0x000001f0      0x102 ./src/easyweb.o
 .debug_loc     0x000002f2      0x2ec ./src/ethmac.o
 .debug_loc     0x000005de       0xc8 ./src/ew_systick.o
 .debug_loc     0x000006a6      0x5ac ./src/tcpip.o
 .debug_loc     0x00000c52       0x58 C:\Users\evert\Documents\LPCXpresso_6.1.4_194\workspace\Lib_CMSISv1p30_LPC17xx\Debug\libCMSISv1p30_LPC17xx.a(system_LPC17xx.o)
 .debug_loc     0x00000caa      0x33e C:\Users\evert\Documents\LPCXpresso_6.1.4_194\workspace\Lib_EaBaseBoard\Debug\libLib_EaBaseBoard.a(oled.o)
 .debug_loc     0x00000fe8      0x4d0 C:\Users\evert\Documents\LPCXpresso_6.1.4_194\workspace\Lib_MCU\Debug\libLib_MCU.a(lpc17xx_gpio.o)
 .debug_loc     0x000014b8      0x150 C:\Users\evert\Documents\LPCXpresso_6.1.4_194\workspace\Lib_MCU\Debug\libLib_MCU.a(lpc17xx_pinsel.o)
 .debug_loc     0x00001608      0x448 C:\Users\evert\Documents\LPCXpresso_6.1.4_194\workspace\Lib_MCU\Debug\libLib_MCU.a(lpc17xx_ssp.o)
 .debug_loc     0x00001a50      0x1bc C:\Users\evert\Documents\LPCXpresso_6.1.4_194\workspace\Lib_MCU\Debug\libLib_MCU.a(lpc17xx_clkpwr.o)
 .debug_loc     0x00001c0c       0x38 C:\Users\evert\Documents\LPCXpresso_6.1.4_194\workspace\Lib_MCU\Debug\libLib_MCU.a(lpc17xx_libcfg_default.o)
 .debug_loc     0x00001c44       0x55 c:/nxp/lpcxpresso_6.1.4_194/lpcxpresso/tools/bin/../lib/gcc/arm-none-eabi/4.6.2/../../../../arm-none-eabi/lib/armv7-m\libcr_newlib_semihost.a(_cr_sbrk.o)
 .debug_loc     0x00001c99       0x29 c:/nxp/lpcxpresso_6.1.4_194/lpcxpresso/tools/bin/../lib/gcc/arm-none-eabi/4.6.2/../../../../arm-none-eabi/lib/armv7-m\libcr_newlib_semihost.a(_cr_check_heap.o)

.debug_aranges  0x00000000      0x5b8
 .debug_aranges
                0x00000000       0x70 ./src/cr_startup_lpc17.o
 .debug_aranges
                0x00000070       0x40 ./src/easyweb.o
 .debug_aranges
                0x000000b0       0x88 ./src/ethmac.o
 .debug_aranges
                0x00000138       0x38 ./src/ew_systick.o
 .debug_aranges
                0x00000170      0x108 ./src/tcpip.o
 .debug_aranges
                0x00000278       0x28 C:\Users\evert\Documents\LPCXpresso_6.1.4_194\workspace\Lib_CMSISv1p30_LPC17xx\Debug\libCMSISv1p30_LPC17xx.a(system_LPC17xx.o)
 .debug_aranges
                0x000002a0       0x90 C:\Users\evert\Documents\LPCXpresso_6.1.4_194\workspace\Lib_EaBaseBoard\Debug\libLib_EaBaseBoard.a(oled.o)
 .debug_aranges
                0x00000330       0xc8 C:\Users\evert\Documents\LPCXpresso_6.1.4_194\workspace\Lib_MCU\Debug\libLib_MCU.a(lpc17xx_gpio.o)
 .debug_aranges
                0x000003f8       0x48 C:\Users\evert\Documents\LPCXpresso_6.1.4_194\workspace\Lib_MCU\Debug\libLib_MCU.a(lpc17xx_pinsel.o)
 .debug_aranges
                0x00000440       0xb8 C:\Users\evert\Documents\LPCXpresso_6.1.4_194\workspace\Lib_MCU\Debug\libLib_MCU.a(lpc17xx_ssp.o)
 .debug_aranges
                0x000004f8       0x60 C:\Users\evert\Documents\LPCXpresso_6.1.4_194\workspace\Lib_MCU\Debug\libLib_MCU.a(lpc17xx_clkpwr.o)
 .debug_aranges
                0x00000558       0x20 C:\Users\evert\Documents\LPCXpresso_6.1.4_194\workspace\Lib_MCU\Debug\libLib_MCU.a(lpc17xx_libcfg_default.o)
 .debug_aranges
                0x00000578       0x20 c:/nxp/lpcxpresso_6.1.4_194/lpcxpresso/tools/bin/../lib/gcc/arm-none-eabi/4.6.2/../../../../arm-none-eabi/lib/armv7-m\libcr_newlib_semihost.a(_cr_sbrk.o)
 .debug_aranges
                0x00000598       0x20 c:/nxp/lpcxpresso_6.1.4_194/lpcxpresso/tools/bin/../lib/gcc/arm-none-eabi/4.6.2/../../../../arm-none-eabi/lib/armv7-m\libcr_newlib_semihost.a(_cr_check_heap.o)

.debug_ranges   0x00000000      0x4d8
 .debug_ranges  0x00000000       0x60 ./src/cr_startup_lpc17.o
 .debug_ranges  0x00000060       0x30 ./src/easyweb.o
 .debug_ranges  0x00000090       0x78 ./src/ethmac.o
 .debug_ranges  0x00000108       0x28 ./src/ew_systick.o
 .debug_ranges  0x00000130       0xf8 ./src/tcpip.o
 .debug_ranges  0x00000228       0x18 C:\Users\evert\Documents\LPCXpresso_6.1.4_194\workspace\Lib_CMSISv1p30_LPC17xx\Debug\libCMSISv1p30_LPC17xx.a(system_LPC17xx.o)
 .debug_ranges  0x00000240       0x80 C:\Users\evert\Documents\LPCXpresso_6.1.4_194\workspace\Lib_EaBaseBoard\Debug\libLib_EaBaseBoard.a(oled.o)
 .debug_ranges  0x000002c0       0xb8 C:\Users\evert\Documents\LPCXpresso_6.1.4_194\workspace\Lib_MCU\Debug\libLib_MCU.a(lpc17xx_gpio.o)
 .debug_ranges  0x00000378       0x38 C:\Users\evert\Documents\LPCXpresso_6.1.4_194\workspace\Lib_MCU\Debug\libLib_MCU.a(lpc17xx_pinsel.o)
 .debug_ranges  0x000003b0       0xa8 C:\Users\evert\Documents\LPCXpresso_6.1.4_194\workspace\Lib_MCU\Debug\libLib_MCU.a(lpc17xx_ssp.o)
 .debug_ranges  0x00000458       0x50 C:\Users\evert\Documents\LPCXpresso_6.1.4_194\workspace\Lib_MCU\Debug\libLib_MCU.a(lpc17xx_clkpwr.o)
 .debug_ranges  0x000004a8       0x10 C:\Users\evert\Documents\LPCXpresso_6.1.4_194\workspace\Lib_MCU\Debug\libLib_MCU.a(lpc17xx_libcfg_default.o)
 .debug_ranges  0x000004b8       0x10 c:/nxp/lpcxpresso_6.1.4_194/lpcxpresso/tools/bin/../lib/gcc/arm-none-eabi/4.6.2/../../../../arm-none-eabi/lib/armv7-m\libcr_newlib_semihost.a(_cr_sbrk.o)
 .debug_ranges  0x000004c8       0x10 c:/nxp/lpcxpresso_6.1.4_194/lpcxpresso/tools/bin/../lib/gcc/arm-none-eabi/4.6.2/../../../../arm-none-eabi/lib/armv7-m\libcr_newlib_semihost.a(_cr_check_heap.o)

.debug_line     0x00000000     0x45b7
 .debug_line    0x00000000      0x373 ./src/cr_startup_lpc17.o
 .debug_line    0x00000373      0x84d ./src/easyweb.o
 .debug_line    0x00000bc0      0x498 ./src/ethmac.o
 .debug_line    0x00001058      0x2f6 ./src/ew_systick.o
 .debug_line    0x0000134e      0xa28 ./src/tcpip.o
 .debug_line    0x00001d76      0x412 C:\Users\evert\Documents\LPCXpresso_6.1.4_194\workspace\Lib_CMSISv1p30_LPC17xx\Debug\libCMSISv1p30_LPC17xx.a(system_LPC17xx.o)
 .debug_line    0x00002188      0x788 C:\Users\evert\Documents\LPCXpresso_6.1.4_194\workspace\Lib_EaBaseBoard\Debug\libLib_EaBaseBoard.a(oled.o)
 .debug_line    0x00002910       0x8d C:\Users\evert\Documents\LPCXpresso_6.1.4_194\workspace\Lib_EaBaseBoard\Debug\libLib_EaBaseBoard.a(font5x7.o)
 .debug_line    0x0000299d      0x5f4 C:\Users\evert\Documents\LPCXpresso_6.1.4_194\workspace\Lib_MCU\Debug\libLib_MCU.a(lpc17xx_gpio.o)
 .debug_line    0x00002f91      0x473 C:\Users\evert\Documents\LPCXpresso_6.1.4_194\workspace\Lib_MCU\Debug\libLib_MCU.a(lpc17xx_pinsel.o)
 .debug_line    0x00003404      0x842 C:\Users\evert\Documents\LPCXpresso_6.1.4_194\workspace\Lib_MCU\Debug\libLib_MCU.a(lpc17xx_ssp.o)
 .debug_line    0x00003c46      0x4d4 C:\Users\evert\Documents\LPCXpresso_6.1.4_194\workspace\Lib_MCU\Debug\libLib_MCU.a(lpc17xx_clkpwr.o)
 .debug_line    0x0000411a      0x389 C:\Users\evert\Documents\LPCXpresso_6.1.4_194\workspace\Lib_MCU\Debug\libLib_MCU.a(lpc17xx_libcfg_default.o)
 .debug_line    0x000044a3       0xc0 c:/nxp/lpcxpresso_6.1.4_194/lpcxpresso/tools/bin/../lib/gcc/arm-none-eabi/4.6.2/../../../../arm-none-eabi/lib/armv7-m\libcr_newlib_semihost.a(_cr_sbrk.o)
 .debug_line    0x00004563       0x54 c:/nxp/lpcxpresso_6.1.4_194/lpcxpresso/tools/bin/../lib/gcc/arm-none-eabi/4.6.2/../../../../arm-none-eabi/lib/armv7-m\libcr_newlib_semihost.a(_cr_check_heap.o)

.debug_macinfo  0x00000000    0x6a3dd
 .debug_macinfo
                0x00000000     0x2c15 ./src/cr_startup_lpc17.o
 .debug_macinfo
                0x00002c15     0xdccf ./src/easyweb.o
 .debug_macinfo
                0x000108e4     0x93db ./src/ethmac.o
 .debug_macinfo
                0x00019cbf     0x7009 ./src/ew_systick.o
 .debug_macinfo
                0x00020cc8     0xb14f ./src/tcpip.o
 .debug_macinfo
                0x0002be17     0x83f8 C:\Users\evert\Documents\LPCXpresso_6.1.4_194\workspace\Lib_CMSISv1p30_LPC17xx\Debug\libCMSISv1p30_LPC17xx.a(system_LPC17xx.o)
 .debug_macinfo
                0x0003420f     0xa143 C:\Users\evert\Documents\LPCXpresso_6.1.4_194\workspace\Lib_EaBaseBoard\Debug\libLib_EaBaseBoard.a(oled.o)
 .debug_macinfo
                0x0003e352     0x332a C:\Users\evert\Documents\LPCXpresso_6.1.4_194\workspace\Lib_EaBaseBoard\Debug\libLib_EaBaseBoard.a(font5x7.o)
 .debug_macinfo
                0x0004167c     0x86b8 C:\Users\evert\Documents\LPCXpresso_6.1.4_194\workspace\Lib_MCU\Debug\libLib_MCU.a(lpc17xx_gpio.o)
 .debug_macinfo
                0x00049d34     0x87d3 C:\Users\evert\Documents\LPCXpresso_6.1.4_194\workspace\Lib_MCU\Debug\libLib_MCU.a(lpc17xx_pinsel.o)
 .debug_macinfo
                0x00052507     0xa8d0 C:\Users\evert\Documents\LPCXpresso_6.1.4_194\workspace\Lib_MCU\Debug\libLib_MCU.a(lpc17xx_ssp.o)
 .debug_macinfo
                0x0005cdd7     0x95f9 C:\Users\evert\Documents\LPCXpresso_6.1.4_194\workspace\Lib_MCU\Debug\libLib_MCU.a(lpc17xx_clkpwr.o)
 .debug_macinfo
                0x000663d0     0x400d C:\Users\evert\Documents\LPCXpresso_6.1.4_194\workspace\Lib_MCU\Debug\libLib_MCU.a(lpc17xx_libcfg_default.o)

.debug_str      0x00000000     0x1c3a
 .debug_str     0x00000000      0x1d1 ./src/cr_startup_lpc17.o
                                0x20b (size before relaxing)
 .debug_str     0x000001d1      0x3a1 ./src/easyweb.o
                                0x4ff (size before relaxing)
 .debug_str     0x00000572      0x536 ./src/ethmac.o
                                0x6a9 (size before relaxing)
 .debug_str     0x00000aa8      0x411 ./src/ew_systick.o
                                0x599 (size before relaxing)
 .debug_str     0x00000eb9      0x2b8 ./src/tcpip.o
                                0x781 (size before relaxing)
 .debug_str     0x00001171       0x95 C:\Users\evert\Documents\LPCXpresso_6.1.4_194\workspace\Lib_CMSISv1p30_LPC17xx\Debug\libCMSISv1p30_LPC17xx.a(system_LPC17xx.o)
                                0x2a7 (size before relaxing)
 .debug_str     0x00001206      0x277 C:\Users\evert\Documents\LPCXpresso_6.1.4_194\workspace\Lib_EaBaseBoard\Debug\libLib_EaBaseBoard.a(oled.o)
                                0x3c0 (size before relaxing)
 .debug_str     0x0000147d       0x11 C:\Users\evert\Documents\LPCXpresso_6.1.4_194\workspace\Lib_EaBaseBoard\Debug\libLib_EaBaseBoard.a(font5x7.o)
                                 0xcb (size before relaxing)
 .debug_str     0x0000148e      0x259 C:\Users\evert\Documents\LPCXpresso_6.1.4_194\workspace\Lib_MCU\Debug\libLib_MCU.a(lpc17xx_gpio.o)
                                0x47c (size before relaxing)
 .debug_str     0x000016e7      0x121 C:\Users\evert\Documents\LPCXpresso_6.1.4_194\workspace\Lib_MCU\Debug\libLib_MCU.a(lpc17xx_pinsel.o)
                                0x3b1 (size before relaxing)
 .debug_str     0x00001808      0x234 C:\Users\evert\Documents\LPCXpresso_6.1.4_194\workspace\Lib_MCU\Debug\libLib_MCU.a(lpc17xx_ssp.o)
                                0x48f (size before relaxing)
 .debug_str     0x00001a3c       0xcb C:\Users\evert\Documents\LPCXpresso_6.1.4_194\workspace\Lib_MCU\Debug\libLib_MCU.a(lpc17xx_clkpwr.o)
                                0x3ad (size before relaxing)
 .debug_str     0x00001b07       0x32 C:\Users\evert\Documents\LPCXpresso_6.1.4_194\workspace\Lib_MCU\Debug\libLib_MCU.a(lpc17xx_libcfg_default.o)
                                0x155 (size before relaxing)
 .debug_str     0x00001b39       0xbc c:/nxp/lpcxpresso_6.1.4_194/lpcxpresso/tools/bin/../lib/gcc/arm-none-eabi/4.6.2/../../../../arm-none-eabi/lib/armv7-m\libcr_newlib_semihost.a(_cr_sbrk.o)
                                0x145 (size before relaxing)
 .debug_str     0x00001bf5       0x45 c:/nxp/lpcxpresso_6.1.4_194/lpcxpresso/tools/bin/../lib/gcc/arm-none-eabi/4.6.2/../../../../arm-none-eabi/lib/armv7-m\libcr_newlib_semihost.a(_cr_check_heap.o)
                                 0xd1 (size before relaxing)

.comment        0x00000000       0x9a
 .comment       0x00000000       0x70 ./src/cr_startup_lpc17.o
                                 0x71 (size before relaxing)
 .comment       0x00000000       0x71 ./src/easyweb.o
 .comment       0x00000000       0x71 ./src/ethmac.o
 .comment       0x00000000       0x71 ./src/ew_systick.o
 .comment       0x00000000       0x71 ./src/tcpip.o
 .comment       0x00000000       0x71 C:\Users\evert\Documents\LPCXpresso_6.1.4_194\workspace\Lib_CMSISv1p30_LPC17xx\Debug\libCMSISv1p30_LPC17xx.a(system_LPC17xx.o)
 .comment       0x00000000       0x71 C:\Users\evert\Documents\LPCXpresso_6.1.4_194\workspace\Lib_EaBaseBoard\Debug\libLib_EaBaseBoard.a(oled.o)
 .comment       0x00000000       0x71 C:\Users\evert\Documents\LPCXpresso_6.1.4_194\workspace\Lib_EaBaseBoard\Debug\libLib_EaBaseBoard.a(font5x7.o)
 .comment       0x00000000       0x71 C:\Users\evert\Documents\LPCXpresso_6.1.4_194\workspace\Lib_MCU\Debug\libLib_MCU.a(lpc17xx_gpio.o)
 .comment       0x00000000       0x71 C:\Users\evert\Documents\LPCXpresso_6.1.4_194\workspace\Lib_MCU\Debug\libLib_MCU.a(lpc17xx_pinsel.o)
 .comment       0x00000000       0x71 C:\Users\evert\Documents\LPCXpresso_6.1.4_194\workspace\Lib_MCU\Debug\libLib_MCU.a(lpc17xx_ssp.o)
 .comment       0x00000000       0x71 C:\Users\evert\Documents\LPCXpresso_6.1.4_194\workspace\Lib_MCU\Debug\libLib_MCU.a(lpc17xx_clkpwr.o)
 .comment       0x00000000       0x71 C:\Users\evert\Documents\LPCXpresso_6.1.4_194\workspace\Lib_MCU\Debug\libLib_MCU.a(lpc17xx_libcfg_default.o)
 .comment       0x00000070       0x2a c:/nxp/lpcxpresso_6.1.4_194/lpcxpresso/tools/bin/../lib/gcc/arm-none-eabi/4.6.2/../../../../arm-none-eabi/lib/armv7-m\libcr_newlib_semihost.a(_cr_sbrk.o)
                                 0x2b (size before relaxing)
 .comment       0x00000000       0x2b c:/nxp/lpcxpresso_6.1.4_194/lpcxpresso/tools/bin/../lib/gcc/arm-none-eabi/4.6.2/../../../../arm-none-eabi/lib/armv7-m\libcr_newlib_semihost.a(_cr_check_heap.o)

.ARM.attributes
                0x00000000       0x33
 .ARM.attributes
                0x00000000       0x33 ./src/cr_startup_lpc17.o
 .ARM.attributes
                0x00000033       0x33 ./src/easyweb.o
 .ARM.attributes
                0x00000066       0x33 ./src/ethmac.o
 .ARM.attributes
                0x00000099       0x33 ./src/ew_systick.o
 .ARM.attributes
                0x000000cc       0x33 ./src/tcpip.o
 .ARM.attributes
                0x000000ff       0x33 C:\Users\evert\Documents\LPCXpresso_6.1.4_194\workspace\Lib_CMSISv1p30_LPC17xx\Debug\libCMSISv1p30_LPC17xx.a(system_LPC17xx.o)
 .ARM.attributes
                0x00000132       0x33 C:\Users\evert\Documents\LPCXpresso_6.1.4_194\workspace\Lib_EaBaseBoard\Debug\libLib_EaBaseBoard.a(oled.o)
 .ARM.attributes
                0x00000165       0x33 C:\Users\evert\Documents\LPCXpresso_6.1.4_194\workspace\Lib_EaBaseBoard\Debug\libLib_EaBaseBoard.a(font5x7.o)
 .ARM.attributes
                0x00000198       0x33 C:\Users\evert\Documents\LPCXpresso_6.1.4_194\workspace\Lib_MCU\Debug\libLib_MCU.a(lpc17xx_gpio.o)
 .ARM.attributes
                0x000001cb       0x33 C:\Users\evert\Documents\LPCXpresso_6.1.4_194\workspace\Lib_MCU\Debug\libLib_MCU.a(lpc17xx_pinsel.o)
 .ARM.attributes
                0x000001fe       0x33 C:\Users\evert\Documents\LPCXpresso_6.1.4_194\workspace\Lib_MCU\Debug\libLib_MCU.a(lpc17xx_ssp.o)
 .ARM.attributes
                0x00000231       0x33 C:\Users\evert\Documents\LPCXpresso_6.1.4_194\workspace\Lib_MCU\Debug\libLib_MCU.a(lpc17xx_clkpwr.o)
 .ARM.attributes
                0x00000264       0x33 C:\Users\evert\Documents\LPCXpresso_6.1.4_194\workspace\Lib_MCU\Debug\libLib_MCU.a(lpc17xx_libcfg_default.o)
 .ARM.attributes
                0x00000297       0x1d c:/nxp/lpcxpresso_6.1.4_194/lpcxpresso/tools/bin/../lib/gcc/arm-none-eabi/4.6.2/armv7-m\libgcc.a(_aeabi_uldivmod.o)
 .ARM.attributes
                0x000002b4       0x2d c:/nxp/lpcxpresso_6.1.4_194/lpcxpresso/tools/bin/../lib/gcc/arm-none-eabi/4.6.2/armv7-m\libgcc.a(bpabi.o)
 .ARM.attributes
                0x000002e1       0x1d c:/nxp/lpcxpresso_6.1.4_194/lpcxpresso/tools/bin/../lib/gcc/arm-none-eabi/4.6.2/armv7-m\libgcc.a(_dvmd_tls.o)
 .ARM.attributes
                0x000002fe       0x2d c:/nxp/lpcxpresso_6.1.4_194/lpcxpresso/tools/bin/../lib/gcc/arm-none-eabi/4.6.2/armv7-m\libgcc.a(_divdi3.o)
 .ARM.attributes
                0x0000032b       0x2d c:/nxp/lpcxpresso_6.1.4_194/lpcxpresso/tools/bin/../lib/gcc/arm-none-eabi/4.6.2/armv7-m\libgcc.a(_udivdi3.o)
 .ARM.attributes
                0x00000358       0x2d c:/nxp/lpcxpresso_6.1.4_194/lpcxpresso/tools/bin/../lib/gcc/arm-none-eabi/4.6.2/../../../../arm-none-eabi/lib/armv7-m\libc.a(lib_a-memcmp.o)
 .ARM.attributes
                0x00000385       0x2d c:/nxp/lpcxpresso_6.1.4_194/lpcxpresso/tools/bin/../lib/gcc/arm-none-eabi/4.6.2/../../../../arm-none-eabi/lib/armv7-m\libc.a(lib_a-memcpy.o)
 .ARM.attributes
                0x000003b2       0x2d c:/nxp/lpcxpresso_6.1.4_194/lpcxpresso/tools/bin/../lib/gcc/arm-none-eabi/4.6.2/../../../../arm-none-eabi/lib/armv7-m\libc.a(lib_a-memset.o)
 .ARM.attributes
                0x000003df       0x2d c:/nxp/lpcxpresso_6.1.4_194/lpcxpresso/tools/bin/../lib/gcc/arm-none-eabi/4.6.2/../../../../arm-none-eabi/lib/armv7-m\libc.a(lib_a-sprintf.o)
 .ARM.attributes
                0x0000040c       0x2d c:/nxp/lpcxpresso_6.1.4_194/lpcxpresso/tools/bin/../lib/gcc/arm-none-eabi/4.6.2/../../../../arm-none-eabi/lib/armv7-m\libc.a(lib_a-svfprintf.o)
 .ARM.attributes
                0x00000439       0x2d c:/nxp/lpcxpresso_6.1.4_194/lpcxpresso/tools/bin/../lib/gcc/arm-none-eabi/4.6.2/../../../../arm-none-eabi/lib/armv7-m\libc.a(lib_a-dtoa.o)
 .ARM.attributes
                0x00000466       0x2d c:/nxp/lpcxpresso_6.1.4_194/lpcxpresso/tools/bin/../lib/gcc/arm-none-eabi/4.6.2/../../../../arm-none-eabi/lib/armv7-m\libc.a(lib_a-impure.o)
 .ARM.attributes
                0x00000493       0x2d c:/nxp/lpcxpresso_6.1.4_194/lpcxpresso/tools/bin/../lib/gcc/arm-none-eabi/4.6.2/../../../../arm-none-eabi/lib/armv7-m\libc.a(lib_a-locale.o)
 .ARM.attributes
                0x000004c0       0x2d c:/nxp/lpcxpresso_6.1.4_194/lpcxpresso/tools/bin/../lib/gcc/arm-none-eabi/4.6.2/../../../../arm-none-eabi/lib/armv7-m\libc.a(lib_a-mallocr.o)
 .ARM.attributes
                0x000004ed       0x2d c:/nxp/lpcxpresso_6.1.4_194/lpcxpresso/tools/bin/../lib/gcc/arm-none-eabi/4.6.2/../../../../arm-none-eabi/lib/armv7-m\libc.a(lib_a-memchr.o)
 .ARM.attributes
                0x0000051a       0x2d c:/nxp/lpcxpresso_6.1.4_194/lpcxpresso/tools/bin/../lib/gcc/arm-none-eabi/4.6.2/../../../../arm-none-eabi/lib/armv7-m\libc.a(lib_a-mlock.o)
 .ARM.attributes
                0x00000547       0x2d c:/nxp/lpcxpresso_6.1.4_194/lpcxpresso/tools/bin/../lib/gcc/arm-none-eabi/4.6.2/../../../../arm-none-eabi/lib/armv7-m\libc.a(lib_a-mprec.o)
 .ARM.attributes
                0x00000574       0x2d c:/nxp/lpcxpresso_6.1.4_194/lpcxpresso/tools/bin/../lib/gcc/arm-none-eabi/4.6.2/../../../../arm-none-eabi/lib/armv7-m\libc.a(lib_a-s_fpclassify.o)
 .ARM.attributes
                0x000005a1       0x2d c:/nxp/lpcxpresso_6.1.4_194/lpcxpresso/tools/bin/../lib/gcc/arm-none-eabi/4.6.2/../../../../arm-none-eabi/lib/armv7-m\libc.a(lib_a-sbrkr.o)
 .ARM.attributes
                0x000005ce       0x2d c:/nxp/lpcxpresso_6.1.4_194/lpcxpresso/tools/bin/../lib/gcc/arm-none-eabi/4.6.2/../../../../arm-none-eabi/lib/armv7-m\libc.a(lib_a-strcmp.o)
 .ARM.attributes
                0x000005fb       0x2d c:/nxp/lpcxpresso_6.1.4_194/lpcxpresso/tools/bin/../lib/gcc/arm-none-eabi/4.6.2/../../../../arm-none-eabi/lib/armv7-m\libc.a(lib_a-strlen.o)
 .ARM.attributes
                0x00000628       0x2d c:/nxp/lpcxpresso_6.1.4_194/lpcxpresso/tools/bin/../lib/gcc/arm-none-eabi/4.6.2/../../../../arm-none-eabi/lib/armv7-m\libc.a(lib_a-svfiprintf.o)
 .ARM.attributes
                0x00000655       0x2d c:/nxp/lpcxpresso_6.1.4_194/lpcxpresso/tools/bin/../lib/gcc/arm-none-eabi/4.6.2/../../../../arm-none-eabi/lib/armv7-m\libc.a(lib_a-callocr.o)
 .ARM.attributes
                0x00000682       0x2d c:/nxp/lpcxpresso_6.1.4_194/lpcxpresso/tools/bin/../lib/gcc/arm-none-eabi/4.6.2/../../../../arm-none-eabi/lib/armv7-m\libc.a(lib_a-freer.o)
 .ARM.attributes
                0x000006af       0x2d c:/nxp/lpcxpresso_6.1.4_194/lpcxpresso/tools/bin/../lib/gcc/arm-none-eabi/4.6.2/../../../../arm-none-eabi/lib/armv7-m\libc.a(lib_a-memmove.o)
 .ARM.attributes
                0x000006dc       0x2d c:/nxp/lpcxpresso_6.1.4_194/lpcxpresso/tools/bin/../lib/gcc/arm-none-eabi/4.6.2/../../../../arm-none-eabi/lib/armv7-m\libc.a(lib_a-reallocr.o)
 .ARM.attributes
                0x00000709       0x2d c:/nxp/lpcxpresso_6.1.4_194/lpcxpresso/tools/bin/../lib/gcc/arm-none-eabi/4.6.2/../../../../arm-none-eabi/lib/armv7-m\libc.a(lib_a-reent.o)
 .ARM.attributes
                0x00000736       0x31 c:/nxp/lpcxpresso_6.1.4_194/lpcxpresso/tools/bin/../lib/gcc/arm-none-eabi/4.6.2/../../../../arm-none-eabi/lib/armv7-m\libcr_newlib_semihost.a(_cr_sbrk.o)
 .ARM.attributes
                0x00000767       0x31 c:/nxp/lpcxpresso_6.1.4_194/lpcxpresso/tools/bin/../lib/gcc/arm-none-eabi/4.6.2/../../../../arm-none-eabi/lib/armv7-m\libcr_newlib_semihost.a(_cr_check_heap.o)
 .ARM.attributes
                0x00000798       0x1d c:/nxp/lpcxpresso_6.1.4_194/lpcxpresso/tools/bin/../lib/gcc/arm-none-eabi/4.6.2/armv7-m\libgcc.a(_arm_addsubdf3.o)
 .ARM.attributes
                0x000007b5       0x1d c:/nxp/lpcxpresso_6.1.4_194/lpcxpresso/tools/bin/../lib/gcc/arm-none-eabi/4.6.2/armv7-m\libgcc.a(_arm_muldivdf3.o)
 .ARM.attributes
                0x000007d2       0x1d c:/nxp/lpcxpresso_6.1.4_194/lpcxpresso/tools/bin/../lib/gcc/arm-none-eabi/4.6.2/armv7-m\libgcc.a(_arm_cmpdf2.o)
 .ARM.attributes
                0x000007ef       0x1d c:/nxp/lpcxpresso_6.1.4_194/lpcxpresso/tools/bin/../lib/gcc/arm-none-eabi/4.6.2/armv7-m\libgcc.a(_arm_fixdfsi.o)
 .ARM.attributes
                0x0000080c       0x2d c:/nxp/lpcxpresso_6.1.4_194/lpcxpresso/tools/bin/../lib/gcc/arm-none-eabi/4.6.2/../../../../arm-none-eabi/lib/armv7-m\libc.a(lib_a-errno.o)

.debug_frame    0x00000000     0x18ec
 .debug_frame   0x00000000      0x120 ./src/cr_startup_lpc17.o
 .debug_frame   0x00000120       0xa4 ./src/easyweb.o
 .debug_frame   0x000001c4      0x1a0 ./src/ethmac.o
 .debug_frame   0x00000364       0x84 ./src/ew_systick.o
 .debug_frame   0x000003e8      0x354 ./src/tcpip.o
 .debug_frame   0x0000073c       0x48 C:\Users\evert\Documents\LPCXpresso_6.1.4_194\workspace\Lib_CMSISv1p30_LPC17xx\Debug\libCMSISv1p30_LPC17xx.a(system_LPC17xx.o)
 .debug_frame   0x00000784      0x1ec C:\Users\evert\Documents\LPCXpresso_6.1.4_194\workspace\Lib_EaBaseBoard\Debug\libLib_EaBaseBoard.a(oled.o)
 .debug_frame   0x00000970      0x2c4 C:\Users\evert\Documents\LPCXpresso_6.1.4_194\workspace\Lib_MCU\Debug\libLib_MCU.a(lpc17xx_gpio.o)
 .debug_frame   0x00000c34       0xbc C:\Users\evert\Documents\LPCXpresso_6.1.4_194\workspace\Lib_MCU\Debug\libLib_MCU.a(lpc17xx_pinsel.o)
 .debug_frame   0x00000cf0      0x280 C:\Users\evert\Documents\LPCXpresso_6.1.4_194\workspace\Lib_MCU\Debug\libLib_MCU.a(lpc17xx_ssp.o)
 .debug_frame   0x00000f70      0x10c C:\Users\evert\Documents\LPCXpresso_6.1.4_194\workspace\Lib_MCU\Debug\libLib_MCU.a(lpc17xx_clkpwr.o)
 .debug_frame   0x0000107c       0x2c C:\Users\evert\Documents\LPCXpresso_6.1.4_194\workspace\Lib_MCU\Debug\libLib_MCU.a(lpc17xx_libcfg_default.o)
 .debug_frame   0x000010a8       0x50 c:/nxp/lpcxpresso_6.1.4_194/lpcxpresso/tools/bin/../lib/gcc/arm-none-eabi/4.6.2/armv7-m\libgcc.a(bpabi.o)
 .debug_frame   0x000010f8       0x34 c:/nxp/lpcxpresso_6.1.4_194/lpcxpresso/tools/bin/../lib/gcc/arm-none-eabi/4.6.2/armv7-m\libgcc.a(_divdi3.o)
 .debug_frame   0x0000112c       0x34 c:/nxp/lpcxpresso_6.1.4_194/lpcxpresso/tools/bin/../lib/gcc/arm-none-eabi/4.6.2/armv7-m\libgcc.a(_udivdi3.o)
 .debug_frame   0x00001160       0x2c c:/nxp/lpcxpresso_6.1.4_194/lpcxpresso/tools/bin/../lib/gcc/arm-none-eabi/4.6.2/../../../../arm-none-eabi/lib/armv7-m\libc.a(lib_a-memcmp.o)
 .debug_frame   0x0000118c       0x2c c:/nxp/lpcxpresso_6.1.4_194/lpcxpresso/tools/bin/../lib/gcc/arm-none-eabi/4.6.2/../../../../arm-none-eabi/lib/armv7-m\libc.a(lib_a-memcpy.o)
 .debug_frame   0x000011b8       0x2c c:/nxp/lpcxpresso_6.1.4_194/lpcxpresso/tools/bin/../lib/gcc/arm-none-eabi/4.6.2/../../../../arm-none-eabi/lib/armv7-m\libc.a(lib_a-memset.o)
 .debug_frame   0x000011e4       0x64 c:/nxp/lpcxpresso_6.1.4_194/lpcxpresso/tools/bin/../lib/gcc/arm-none-eabi/4.6.2/../../../../arm-none-eabi/lib/armv7-m\libc.a(lib_a-sprintf.o)
 .debug_frame   0x00001248       0x3c c:/nxp/lpcxpresso_6.1.4_194/lpcxpresso/tools/bin/../lib/gcc/arm-none-eabi/4.6.2/../../../../arm-none-eabi/lib/armv7-m\libc.a(lib_a-svfprintf.o)
 .debug_frame   0x00001284       0x64 c:/nxp/lpcxpresso_6.1.4_194/lpcxpresso/tools/bin/../lib/gcc/arm-none-eabi/4.6.2/../../../../arm-none-eabi/lib/armv7-m\libc.a(lib_a-dtoa.o)
 .debug_frame   0x000012e8       0x98 c:/nxp/lpcxpresso_6.1.4_194/lpcxpresso/tools/bin/../lib/gcc/arm-none-eabi/4.6.2/../../../../arm-none-eabi/lib/armv7-m\libc.a(lib_a-locale.o)
 .debug_frame   0x00001380       0x38 c:/nxp/lpcxpresso_6.1.4_194/lpcxpresso/tools/bin/../lib/gcc/arm-none-eabi/4.6.2/../../../../arm-none-eabi/lib/armv7-m\libc.a(lib_a-mallocr.o)
 .debug_frame   0x000013b8       0x2c c:/nxp/lpcxpresso_6.1.4_194/lpcxpresso/tools/bin/../lib/gcc/arm-none-eabi/4.6.2/../../../../arm-none-eabi/lib/armv7-m\libc.a(lib_a-memchr.o)
 .debug_frame   0x000013e4       0x30 c:/nxp/lpcxpresso_6.1.4_194/lpcxpresso/tools/bin/../lib/gcc/arm-none-eabi/4.6.2/../../../../arm-none-eabi/lib/armv7-m\libc.a(lib_a-mlock.o)
 .debug_frame   0x00001414      0x228 c:/nxp/lpcxpresso_6.1.4_194/lpcxpresso/tools/bin/../lib/gcc/arm-none-eabi/4.6.2/../../../../arm-none-eabi/lib/armv7-m\libc.a(lib_a-mprec.o)
 .debug_frame   0x0000163c       0x20 c:/nxp/lpcxpresso_6.1.4_194/lpcxpresso/tools/bin/../lib/gcc/arm-none-eabi/4.6.2/../../../../arm-none-eabi/lib/armv7-m\libc.a(lib_a-s_fpclassify.o)
 .debug_frame   0x0000165c       0x2c c:/nxp/lpcxpresso_6.1.4_194/lpcxpresso/tools/bin/../lib/gcc/arm-none-eabi/4.6.2/../../../../arm-none-eabi/lib/armv7-m\libc.a(lib_a-sbrkr.o)
 .debug_frame   0x00001688       0x30 c:/nxp/lpcxpresso_6.1.4_194/lpcxpresso/tools/bin/../lib/gcc/arm-none-eabi/4.6.2/../../../../arm-none-eabi/lib/armv7-m\libc.a(lib_a-strcmp.o)
 .debug_frame   0x000016b8       0x20 c:/nxp/lpcxpresso_6.1.4_194/lpcxpresso/tools/bin/../lib/gcc/arm-none-eabi/4.6.2/../../../../arm-none-eabi/lib/armv7-m\libc.a(lib_a-strlen.o)
 .debug_frame   0x000016d8       0x64 c:/nxp/lpcxpresso_6.1.4_194/lpcxpresso/tools/bin/../lib/gcc/arm-none-eabi/4.6.2/../../../../arm-none-eabi/lib/armv7-m\libc.a(lib_a-svfiprintf.o)
 .debug_frame   0x0000173c       0x28 c:/nxp/lpcxpresso_6.1.4_194/lpcxpresso/tools/bin/../lib/gcc/arm-none-eabi/4.6.2/../../../../arm-none-eabi/lib/armv7-m\libc.a(lib_a-callocr.o)
 .debug_frame   0x00001764       0x50 c:/nxp/lpcxpresso_6.1.4_194/lpcxpresso/tools/bin/../lib/gcc/arm-none-eabi/4.6.2/../../../../arm-none-eabi/lib/armv7-m\libc.a(lib_a-freer.o)
 .debug_frame   0x000017b4       0x2c c:/nxp/lpcxpresso_6.1.4_194/lpcxpresso/tools/bin/../lib/gcc/arm-none-eabi/4.6.2/../../../../arm-none-eabi/lib/armv7-m\libc.a(lib_a-memmove.o)
 .debug_frame   0x000017e0       0x38 c:/nxp/lpcxpresso_6.1.4_194/lpcxpresso/tools/bin/../lib/gcc/arm-none-eabi/4.6.2/../../../../arm-none-eabi/lib/armv7-m\libc.a(lib_a-reallocr.o)
 .debug_frame   0x00001818       0x68 c:/nxp/lpcxpresso_6.1.4_194/lpcxpresso/tools/bin/../lib/gcc/arm-none-eabi/4.6.2/../../../../arm-none-eabi/lib/armv7-m\libc.a(lib_a-reent.o)
 .debug_frame   0x00001880       0x2c c:/nxp/lpcxpresso_6.1.4_194/lpcxpresso/tools/bin/../lib/gcc/arm-none-eabi/4.6.2/../../../../arm-none-eabi/lib/armv7-m\libcr_newlib_semihost.a(_cr_sbrk.o)
 .debug_frame   0x000018ac       0x20 c:/nxp/lpcxpresso_6.1.4_194/lpcxpresso/tools/bin/../lib/gcc/arm-none-eabi/4.6.2/../../../../arm-none-eabi/lib/armv7-m\libcr_newlib_semihost.a(_cr_check_heap.o)
 .debug_frame   0x000018cc       0x20 c:/nxp/lpcxpresso_6.1.4_194/lpcxpresso/tools/bin/../lib/gcc/arm-none-eabi/4.6.2/../../../../arm-none-eabi/lib/armv7-m\libc.a(lib_a-errno.o)

.debug_pubnames
                0x00000000       0x68
 .debug_pubnames
                0x00000000       0x2e c:/nxp/lpcxpresso_6.1.4_194/lpcxpresso/tools/bin/../lib/gcc/arm-none-eabi/4.6.2/../../../../arm-none-eabi/lib/armv7-m\libcr_newlib_semihost.a(_cr_sbrk.o)
 .debug_pubnames
                0x0000002e       0x3a c:/nxp/lpcxpresso_6.1.4_194/lpcxpresso/tools/bin/../lib/gcc/arm-none-eabi/4.6.2/../../../../arm-none-eabi/lib/armv7-m\libcr_newlib_semihost.a(_cr_check_heap.o)

.debug_pubtypes
                0x00000000       0x1d
 .debug_pubtypes
                0x00000000       0x1d c:/nxp/lpcxpresso_6.1.4_194/lpcxpresso/tools/bin/../lib/gcc/arm-none-eabi/4.6.2/../../../../arm-none-eabi/lib/armv7-m\libcr_newlib_semihost.a(_cr_sbrk.o)
